     5	     *CBL XOPTS(COBOL2)
    20	      IDENTIFICATION DIVISION.
    21	      PROGRAM-ID. SM001.
    22	      ENVIRONMENT DIVISION.
    23	      CONFIGURATION SECTION.
    24	      SOURCE-COMPUTER.	  IBM-PC.
    25	      OBJECT-COMPUTER.	  IBM-PC.
    26	      DATA DIVISION.
    27	      FILE SECTION.
    28	     *------------------------*
    29	     *	  WORKING STORAGE     *
    30	     *------------------------*
    31	      WORKING-STORAGE SECTION.
    32		  COPY SM01S.
    34	     * SYMBOLIC MAP of SM01S Created by CACXBMS Version 6.0.27
    80	      01  SM001MI.
    81		  02  FILLER				     PIC X(12).
    82		  02  PAGEL				     PIC S9(4) COMP.
    83		  02  PAGEF				     PIC X.
    84		  02  FILLER REDEFINES PAGEF.
    85		      03  PAGEA 			     PIC X.
    86		  02  PAGEI				     PIC X(002).
    87		  02  DATE1L				     PIC S9(4) COMP.
    88		  02  DATE1F				     PIC X.
    89		  02  FILLER REDEFINES DATE1F.
    90		      03  DATE1A			     PIC X.
    91		  02  DATE1I				     PIC X(010).
    92		  02  TIME1L				     PIC S9(4) COMP.
    93		  02  TIME1F				     PIC X.
    94		  02  FILLER REDEFINES TIME1F.
    95		      03  TIME1A			     PIC X.
    96		  02  TIME1I				     PIC X(008).
    97		  02  TITLEL				     PIC S9(4) COMP.
    98		  02  TITLEF				     PIC X.
    99		  02  FILLER REDEFINES TITLEF.
   100		      03  TITLEA			     PIC X.
   101		  02  TITLEI				     PIC X(020).
   102		  02  STATUSL				     PIC S9(4) COMP.
   103		  02  STATUSF				     PIC X.
   104		  02  FILLER REDEFINES STATUSF.
   105		      03  STATUSA			     PIC X.
   106		  02  STATUSI				     PIC X(010).
   107		  02  TODATEL				     PIC S9(4) COMP.
   108		  02  TODATEF				     PIC X.
   109		  02  FILLER REDEFINES TODATEF.
   110		      03  TODATEA			     PIC X.
   111		  02  TODATEI				     PIC X(010).
   112		  02  FRDATEL				     PIC S9(4) COMP.
   113		  02  FRDATEF				     PIC X.
   114		  02  FILLER REDEFINES FRDATEF.
   115		      03  FRDATEA			     PIC X.
   116		  02  FRDATEI				     PIC X(010).
   117		  02  OPTN1L				     PIC S9(4) COMP.
   118		  02  OPTN1F				     PIC X.
   119		  02  FILLER REDEFINES OPTN1F.
   120		      03  OPTN1A			     PIC X.
   121		  02  OPTN1I				     PIC X(001).
   122		  02  OPTN2L				     PIC S9(4) COMP.
   123		  02  OPTN2F				     PIC X.
   124		  02  FILLER REDEFINES OPTN2F.   125		      03  OPTN2A			     PIC X.
   126		  02  OPTN2I				     PIC X(001).
   127		  02  OPTN3L				     PIC S9(4) COMP.
   128		  02  OPTN3F				     PIC X.
   129		  02  FILLER REDEFINES OPTN3F.
   130		      03  OPTN3A			     PIC X.
   131		  02  OPTN3I				     PIC X(001).
   132		  02  OPTN4L				     PIC S9(4) COMP.
   133		  02  OPTN4F				     PIC X.
   134		  02  FILLER REDEFINES OPTN4F.
   135		      03  OPTN4A			     PIC X.
   136		  02  OPTN4I				     PIC X(001).
   137		  02  OPTN5L				     PIC S9(4) COMP.
   138		  02  OPTN5F				     PIC X.
   139		  02  FILLER REDEFINES OPTN5F.
   140		      03  OPTN5A			     PIC X.
   141		  02  OPTN5I				     PIC X(001).
   142		  02  OPTN6L				     PIC S9(4) COMP.
   143		  02  OPTN6F				     PIC X.
   144		  02  FILLER REDEFINES OPTN6F.
   145		      03  OPTN6A			     PIC X.
   146		  02  OPTN6I				     PIC X(001).
   147		  02  OPTN7L				     PIC S9(4) COMP.
   148		  02  OPTN7F				     PIC X.
   149		  02  FILLER REDEFINES OPTN7F.
   150		      03  OPTN7A			     PIC X.
   151		  02  OPTN7I				     PIC X(001).
   152		  02  OPTN8L				     PIC S9(4) COMP.
   153		  02  OPTN8F				     PIC X.
   154		  02  FILLER REDEFINES OPTN8F.
   155		      03  OPTN8A			     PIC X.
   156		  02  OPTN8I				     PIC X(001).
   157		  02  OPTN9L				     PIC S9(4) COMP.
   158		  02  OPTN9F				     PIC X.
   159		  02  FILLER REDEFINES OPTN9F.
   160		      03  OPTN9A			     PIC X.
   161		  02  OPTN9I				     PIC X(001).
   162		  02  OPTN10L				     PIC S9(4) COMP.
   163		  02  OPTN10F				     PIC X.
   164		  02  FILLER REDEFINES OPTN10F.
   165		      03  OPTN10A			     PIC X.
   166		  02  OPTN10I				     PIC X(001).
   167		  02  OPTN11L				     PIC S9(4) COMP.
   168		  02  OPTN11F				     PIC X.
   169		  02  FILLER REDEFINES OPTN11F.
   170		      03  OPTN11A			     PIC X.
   171		  02  OPTN11I				     PIC X(001).
   172		  02  DETL1L				     PIC S9(4) COMP.
   173		  02  DETL1F				     PIC X.
   174		  02  FILLER REDEFINES DETL1F.
   175		      03  DETL1A			     PIC X.
   176		  02  DETL1I				     PIC X(070).
   177		  02  DETL2L				     PIC S9(4) COMP.
   178		  02  DETL2F				     PIC X.
   179		  02  FILLER REDEFINES DETL2F.
   180		      03  DETL2A			     PIC X.
   181		  02  DETL2I				     PIC X(070).
   182		  02  DETL3L				     PIC S9(4) COMP.
   183		  02  DETL3F				     PIC X.
   184		  02  FILLER REDEFINES DETL3F.   185		      03  DETL3A			     PIC X.
   186		  02  DETL3I				     PIC X(070).
   187		  02  DETL4L				     PIC S9(4) COMP.
   188		  02  DETL4F				     PIC X.
   189		  02  FILLER REDEFINES DETL4F.
   190		      03  DETL4A			     PIC X.
   191		  02  DETL4I				     PIC X(070).
   192		  02  DETL5L				     PIC S9(4) COMP.
   193		  02  DETL5F				     PIC X.
   194		  02  FILLER REDEFINES DETL5F.
   195		      03  DETL5A			     PIC X.
   196		  02  DETL5I				     PIC X(070).
   197		  02  DETL6L				     PIC S9(4) COMP.
   198		  02  DETL6F				     PIC X.
   199		  02  FILLER REDEFINES DETL6F.
   200		      03  DETL6A			     PIC X.
   201		  02  DETL6I				     PIC X(070).
   202		  02  DETL7L				     PIC S9(4) COMP.
   203		  02  DETL7F				     PIC X.
   204		  02  FILLER REDEFINES DETL7F.
   205		      03  DETL7A			     PIC X.
   206		  02  DETL7I				     PIC X(070).
   207		  02  DETL8L				     PIC S9(4) COMP.
   208		  02  DETL8F				     PIC X.
   209		  02  FILLER REDEFINES DETL8F.
   210		      03  DETL8A			     PIC X.
   211		  02  DETL8I				     PIC X(070).
   212		  02  DETL9L				     PIC S9(4) COMP.
   213		  02  DETL9F				     PIC X.
   214		  02  FILLER REDEFINES DETL9F.
   215		      03  DETL9A			     PIC X.
   216		  02  DETL9I				     PIC X(070).
   217		  02  DETL10L				     PIC S9(4) COMP.
   218		  02  DETL10F				     PIC X.
   219		  02  FILLER REDEFINES DETL10F.
   220		      03  DETL10A			     PIC X.
   221		  02  DETL10I				     PIC X(070).
   222		  02  DETL11L				     PIC S9(4) COMP.
   223		  02  DETL11F				     PIC X.
   224		  02  FILLER REDEFINES DETL11F.
   225		      03  DETL11A			     PIC X.
   226		  02  DETL11I				     PIC X(070).
   227		  02  ERRMSG1L				     PIC S9(4) COMP.
   228		  02  ERRMSG1F				     PIC X.
   229		  02  FILLER REDEFINES ERRMSG1F.
   230		      03  ERRMSG1A			     PIC X.
   231		  02  ERRMSG1I				     PIC X(070).
   232	      01  SM001MO REDEFINES SM001MI.
   233		  02  FILLER				     PIC X(12).
   234		  02  FILLER				     PIC XX.
   235		  02  FILLER				     PIC X.
   236		  02  PAGEO				     PIC X(002).
   237		  02  FILLER				     PIC XX.
   238		  02  FILLER				     PIC X.
   239		  02  DATE1O				     PIC X(010).
   240		  02  FILLER				     PIC XX.
   241		  02  FILLER				     PIC X.
   242		  02  TIME1O				     PIC X(008).
   243		  02  FILLER				     PIC XX.
   244		  02  FILLER				     PIC X.   245		  02  TITLEO				     PIC X(020).
   246		  02  FILLER				     PIC XX.
   247		  02  FILLER				     PIC X.
   248		  02  STATUSO				     PIC X(010).
   249		  02  FILLER				     PIC XX.
   250		  02  FILLER				     PIC X.
   251		  02  TODATEO				     PIC X(010).
   252		  02  FILLER				     PIC XX.
   253		  02  FILLER				     PIC X.
   254		  02  FRDATEO				     PIC X(010).
   255		  02  FILLER				     PIC XX.
   256		  02  FILLER				     PIC X.
   257		  02  OPTN1O				     PIC X(001).
   258		  02  FILLER				     PIC XX.
   259		  02  FILLER				     PIC X.
   260		  02  OPTN2O				     PIC X(001).
   261		  02  FILLER				     PIC XX.
   262		  02  FILLER				     PIC X.
   263		  02  OPTN3O				     PIC X(001).
   264		  02  FILLER				     PIC XX.
   265		  02  FILLER				     PIC X.
   266		  02  OPTN4O				     PIC X(001).
   267		  02  FILLER				     PIC XX.
   268		  02  FILLER				     PIC X.
   269		  02  OPTN5O				     PIC X(001).
   270		  02  FILLER				     PIC XX.
   271		  02  FILLER				     PIC X.
   272		  02  OPTN6O				     PIC X(001).
   273		  02  FILLER				     PIC XX.
   274		  02  FILLER				     PIC X.
   275		  02  OPTN7O				     PIC X(001).
   276		  02  FILLER				     PIC XX.
   277		  02  FILLER				     PIC X.
   278		  02  OPTN8O				     PIC X(001).
   279		  02  FILLER				     PIC XX.
   280		  02  FILLER				     PIC X.
   281		  02  OPTN9O				     PIC X(001).
   282		  02  FILLER				     PIC XX.
   283		  02  FILLER				     PIC X.
   284		  02  OPTN10O				     PIC X(001).
   285		  02  FILLER				     PIC XX.
   286		  02  FILLER				     PIC X.
   287		  02  OPTN11O				     PIC X(001).
   288		  02  FILLER				     PIC XX.
   289		  02  FILLER				     PIC X.
   290		  02  DETL1O				     PIC X(070).
   291		  02  FILLER				     PIC XX.
   292		  02  FILLER				     PIC X.
   293		  02  DETL2O				     PIC X(070).
   294		  02  FILLER				     PIC XX.
   295		  02  FILLER				     PIC X.
   296		  02  DETL3O				     PIC X(070).
   297		  02  FILLER				     PIC XX.
   298		  02  FILLER				     PIC X.
   299		  02  DETL4O				     PIC X(070).
   300		  02  FILLER				     PIC XX.
   301		  02  FILLER				     PIC X.
   302		  02  DETL5O				     PIC X(070).
   303		  02  FILLER				     PIC XX.
   304		  02  FILLER				     PIC X.   305		  02  DETL6O				     PIC X(070).
   306		  02  FILLER				     PIC XX.
   307		  02  FILLER				     PIC X.
   308		  02  DETL7O				     PIC X(070).
   309		  02  FILLER				     PIC XX.
   310		  02  FILLER				     PIC X.
   311		  02  DETL8O				     PIC X(070).
   312		  02  FILLER				     PIC XX.
   313		  02  FILLER				     PIC X.
   314		  02  DETL9O				     PIC X(070).
   315		  02  FILLER				     PIC XX.
   316		  02  FILLER				     PIC X.
   317		  02  DETL10O				     PIC X(070).
   318		  02  FILLER				     PIC XX.
   319		  02  FILLER				     PIC X.
   320		  02  DETL11O				     PIC X(070).
   321		  02  FILLER				     PIC XX.
   322		  02  FILLER				     PIC X.
   323		  02  ERRMSG1O				     PIC X(070).
   325	     *----------------------------------------------------------------*
   326	     *			   COPYBOOK REDEFINES			      *
   327	     *----------------------------------------------------------------*
   328	      01  DETL-LINE REDEFINES SM001MI.
   329		  05 FILLER				 PIC X(103).
   330		  05 DETL-SELECT			 OCCURS 11.
   331		     10 DETL-SELECTL			 PIC S9(4) COMP.
   332		     10 DETL-SELECTF			 PIC X.
   333			  10 FILLER REDEFINES DETL-SELECTF.
   334			15 DETL-SELECTA 		 PIC X.
   335			  10 DETL-SELECTI		      PIC X(001).
   336		  05 DETL-DETAIL			 OCCURS 11.
   337		     10 DETL-DETAILL			 PIC S9(4) COMP.
   338		     10 DETL-DETAILF			 PIC X.
   339		     10 FILLER REDEFINES DETL-DETAILF.
   340			15 DETL-DETAILA 		 PIC X.
   341			 10 DETL-DETAILI.
   342			15 DETAILS-TIX-ID		 PIC X(07).
   343			15 FILLER1			 PIC X(03).
   344			15 DETAILS-TIX-TITLE		 PIC X(25).
   345			15 FILLER2			 PIC X(01).
   346			15 DETAILS-TIX-STAT		 PIC X(10).
   347			15 FILLER3			 PIC X(04).
   348			15 DETAILS-LAST-UPD.
   349			   20  DETAIL-DD		 PIC X(02).
   350			   20  SLASH1			 PIC X.
   351			   20  DETAIL-MM		 PIC X(02).
   352			   20  SLASH2			 PIC X.
   353			   20  DETAIL-YYYY		 PIC X(04).
   354			15 FILLER4			 PIC X(02).
   355			15 DETAILS-UPD-BY		 PIC X(08).
   356		  05 FILLER				 PIC X(65).
   357		  COPY DFHBMSCA.
   359	      01  DFHBMSCA.
   360	     *
   361	     * CA-Realia CICS 6.0 Computer Associates International, Inc.
   362	     *
   363	     * Revision Information
   364	     * ^{File:dfhbmsca.cob}
   365	     * ^{Timestamp:Tue Oct 08 15:34:54 1996}
   366	     * ^{Revision:2.0}   367	     *
   368	     *	Note:This FILE is provided with most values as quoted literals
   369	     *	     so that the file can be used for both ASCII and EBCDIC
   370	     *	     programs
   371	     *
   372	     *	     The only exceptions are some 3270 Data Stream Orders
   373	     *	     They use different Hexadecimal values for ASCII and
   374	     *	     EBCDIC and they cannot be expressed as quoted literals
   375	     *	     as the values are <Line Feed>, <Tab>, <End of File> etc.
   376	     *	     characters in ASCII
   377	     *
   378	     *	     They have their values set up to default to the EBCDIC
   379	     *	     values.
   380	     *
   381	     *	     3270 orders are only needed for EXEC CICS SEND and RECEIVE
   382	     *	     and SEND TEXT with imbedded format orders.
   383	     *	     If you use these values in ASCII programs the values
   384	     *	     must be changed.
   385	     *
   386	     *	     An alternative is to use REPLACING to change the values.
   387	     *
   388	     *	  i.e. COPY DFHBMSCA replacing
   389	     *			    ==005== BY ==009==	*> DFHPT
   390	     *			    ==021== BY ==010==	*> DFHNL
   391	     *			    ==040== BY ==021==	*> DFHSA
   392	     *			    ==041== BY ==031==	*> DFHSFE
   393	     *			    ==044== BY ==023==	*> DFHMF
   394	     *			    ==060== BY ==020==	*> DFHRA
   395	     *			    ==063== BY ==026==. *> DFHSUB
   396	     *
   397	     ******************************************************************
   398	     *BMS and Terminal Control - Order & Attributes constants	      *
   399	     ******************************************************************
   400	     *
   401	     *	  Field Attributes
   402	     *
   403            05  DFHBMASB                          PIC X VALUE '8'.
   404            05  DFHBMASF                          PIC X VALUE '1'.
   405            05  DFHBMASK                          PIC X VALUE '0'.
   406            05  DFHBMBRY                          PIC X VALUE 'H'.
   407            05  DFHBMDAR                          PIC X VALUE '<'.
   408            05  DFHBMFSE                          PIC X VALUE 'A'.
   409            05  DFHBMPRF                          PIC X VALUE '/'.
   410            05  DFHBMPRO                          PIC X VALUE '-'.
   411            05  DFHBMUNN                          PIC X VALUE '&'.
   412            05  DFHBMUNP                          PIC X VALUE ' '.
   413            05  DFHUNNUM                          PIC X VALUE 'J'.
   414	     *
   415	     *	  partially supported
   416	     *
   417            05  DFHUNNOD                          PIC X VALUE '('.
   418            05  DFHUNIMD                          PIC X VALUE 'I'.
   419            05  DFHUNINT                          PIC X VALUE 'R'.
   420            05  DFHUNNON                          PIC X VALUE '('.
   421            05  DFHPROTI                          PIC X VALUE 'Y'.
   422            05  DFHPROTN                          PIC X VALUE '%'.
   423	     *
   424	     *	  These values are additions to mainframe constants
   425	     *
   426            05  DFHBMS-ASK-DARK                   PIC X VALUE '@'.   427            05  DFHBMS-ASK-BRY-FSET               PIC X VALUE '9'.
   428            05  DFHBMS-ASK-DAR-FSET               PIC X VALUE ''''.
   429	     *						      VALUE APOST
   430            05  DFHBMS-PRO-BRY-FSET               PIC X VALUE 'Z'.
   431            05  DFHBMS-PRO-DAR-FSET               PIC X VALUE '_'.
   432            05  DFHBMS-NUM-BRY                    PIC X VALUE 'Q'.
   433            05  DFHBMS-NUM-DAR                    PIC X VALUE '*'.
   434            05  DFHBMS-NUM-DAR-FSET               PIC X VALUE ')'.
   435	     *
   436	     *	  Field Flag values
   437		  05  DFHBMEOF-VAL VALUE 128		PIC S9(4) COMP-4.
   438		  05  FILLER REDEFINES DFHBMEOF-VAL.
   439		      10  FILLER			PIC X.
   440		      10  DFHBMEOF			PIC X.
   441       *                                          x'80'.
   442		  05  DFHBMCUR-VAL VALUE 002		PIC S9(4) COMP-4.
   443		  05  FILLER REDEFINES DFHBMCUR-VAL.
   444		      10  FILLER			PIC X.
   445		      10  DFHBMCUR			PIC X.
   446       *                                          x'02'.
   447		  05  DFHBMMEC-VAL VALUE 130		PIC S9(4) COMP-4.
   448		  05  FILLER REDEFINES DFHBMMEC-VAL.
   449		      10  FILLER			PIC X.
   450		      10  DFHBMMEC			PIC X.
   451       *                                          x'82'.
   452       *                                          x'02'.
   453		  05  DFHBMFLG-VAL  VALUE 0		PIC S9(4) COMP-4.
   454		      88  DFHERASE			VALUES 128 130.
   455       *                                          x'80' X'82'
   456		      88  DFHCURSR			VALUES 002 130.
   457       *                                          x'02' X'82'
   458		  05  FILLER REDEFINES DFHBMFLG-VAL.
   459		      10  FILLER			PIC X.
   460		      10  DFHBMFLG			PIC X.
   461
   462		  05  DFHBMDUP-VAL VALUE 028		PIC S9(4) COMP-4.
   463		  05  FILLER REDEFINES DFHBMDUP-VAL.
   464		      10  FILLER			PIC X.
   465		      10  DFHBMDUP			PIC X.
   466       *                                              x'1C'
   467	     *
   468	     ******************************************************************
   469	     *	  supported 327X Extended Attributes
   470	     *
   471	     *	  Extended COLOR Attributes
   472	     *
   473            05  DFHDFCOL                          PIC X VALUE '0'.
   474            05  DFHBLUE                           PIC X VALUE '1'.
   475            05  DFHRED                            PIC X VALUE '2'.
   476            05  DFHPINK                           PIC X VALUE '3'.
   477            05  DFHGREEN                          PIC X VALUE '4'.
   478            05  DFHTURQ                           PIC X VALUE '5'.
   479            05  DFHYELLO                          PIC X VALUE '6'.
   480            05  DFHNEUTR                          PIC X VALUE '7'.
   481	     *
   482	     *	  Extended HILIGHT Attributes
   483	     *
   484            05  DFHDFHI                           PIC X VALUE '0'.
   485            05  DFHBLINK                          PIC X VALUE '1'.
   486            05  DFHREVRS                          PIC X VALUE '2'.   487            05  DFHUNDLN                          PIC X VALUE '4'.
   488	     *
   489	     ******************************************************************
   490	     *	  supported 327X Data Stream Orders
   491	     *
   492		  05  DFHSBA-VAL VALUE 017		 PIC S9(4) COMP-4.
   493		  05  FILLER REDEFINES DFHSBA-VAL.
   494		      10  FILLER			PIC X.
   495		      10  DFHSBA			PIC X.
   496       *                                              x'11'
   497		  05  DFHEUA-VAL VALUE 018		PIC S9(4) COMP-4.
   498		  05  FILLER REDEFINES DFHEUA-VAL.
   499		      10  FILLER			PIC X.
   500		      10  DFHEUA			PIC X.
   501       *                                              x'12'
   502		  05  DFHIC-VAL VALUE 019		PIC S9(4) COMP-4.
   503		  05  FILLER REDEFINES DFHIC-VAL.
   504		      10  FILLER			PIC X.
   505		      10  DFHIC 			PIC X.
   506       *                                              X'13'.
   507		  05  DFHSF-VAL VALUE 029		PIC S9(4) COMP-4.
   508		  05  FILLER REDEFINES DFHSF-VAL.
   509		      10  FILLER			PIC X.
   510		      10  DFHSF 			PIC X.
   511       *                                              X'1D'.
   512		  05  DFHPT-VAL VALUE 005		PIC S9(4) COMP-4.
   513		      88 DFHPT-VAL-EBCDIC		VALUE 5.
   514		      88 DFHPT-VAL-ASCII		VALUE 9.
   515		  05  FILLER REDEFINES DFHPT-VAL.
   516		      10  FILLER			PIC X.
   517		      10  DFHPT 			PIC X.
   518       *                                              EBCDIC X'05'.
   519       *                                              ASCII  X'09'.
   520		  05  DFHRA-VAL VALUE 060		PIC S9(4) COMP-4.
   521		      88 DFHRA-VAL-EBCDIC		VALUE 60.
   522		      88 DFHRA-VAL-ASCII		VALUE 20.
   523		  05  FILLER REDEFINES DFHRA-VAL.
   524		      10  FILLER			PIC X.
   525		      10  DFHRA 			PIC X.
   526       *                                              EBCDIC x'3C'
   527       *                                              ASCII  x'14'
   528		  05  DFHSFE-VAL VALUE 041		PIC S9(4) COMP-4.
   529		      88 DFHSFE-VAL-EBCDIC		VALUE 41.
   530		      88 DFHSFE-VAL-ASCII		VALUE 31.
   531		  05  FILLER REDEFINES DFHSFE-VAL.
   532		      10  FILLER			PIC X.
   533		      10  DFHSFE			PIC X.
   534       *                                              EBCDIC x'29'
   535       *                                              ASCII  x'1F'
   536		  05  DFHMF-VAL VALUE 044		PIC S9(4) COMP-4.
   537		      88 DFHMF-VAL-EBCDIC		VALUE 44.
   538		      88 DFHMF-VAL-ASCII		VALUE 23.
   539		  05  FILLER REDEFINES DFHMF-VAL.
   540		      10  FILLER			PIC X.
   541		      10  DFHMF 			PIC X.
   542       *                                              EBCDIC x'2C'
   543       *                                              ASCII  x'17'
   544	     *
   545	     ******************************************************************
   546	     *	  unsupported 327X Data Stream order codes   547	     *
   548		  05  DFHSA-VAL VALUE 040		PIC S9(4) COMP-4.
   549		      88 DFHSA-VAL-EBCDIC		VALUE 40.
   550		      88 DFHSA-VAL-ASCII		VALUE 21.
   551		  05  FILLER REDEFINES DFHSA-VAL.
   552		      10  FILLER			PIC X.
   553		      10  DFHSA 			PIC X.
   554       *                                              EBCDIC x'28'
   555       *                                              ASCII  x'15'
   556		  05  DFHGE-VAL VALUE 008		PIC S9(4) COMP-4.
   557		  05  FILLER REDEFINES DFHGE-VAL.
   558		      10  FILLER			PIC X.
   559		      10  DFHGE 			PIC X.
   560       *                                              X'08'.
   561	     *
   562	     ******************************************************************
   563	     *	  SFE and MF supported attribute types
   564	     *
   565            05  DFHCOLOR                          PIC X VALUE 'ƒ'.
   566       *                                              EBCDIC x'42'
   567       *                                              ASCII  x'83'
   568            05  DFHHLT                            PIC X VALUE 'Ö'.
   569       *                                              EBCDIC x'41'
   570       *                                              ASCII  x'D6'
   571            05  DFH3270                           PIC X VALUE '{'.
   572	     *
   573	     *	  supported for SEND TEXT command and printer terminal
   574	     *
   575		  05  DFHBMPNL-VAL VALUE 021		PIC S9(4) COMP-4.
   576		      88 DFHBMPNL-VAL-EBCDIC		VALUE 21.
   577		      88 DFHBMPNL-VAL-ASCII		VALUE 10.
   578		  05  FILLER REDEFINES DFHBMPNL-VAL.
   579		      10  FILLER			PIC X.
   580		      10  DFHBMPNL			PIC X.
   581       *                                              EBCDIC X'15'.
   582       *                                              ASCII  X'0A'.
   583	     *
   584	     ******************************************************************
   585	     *	  Printer terminal data stream only
   586	     *
   587		  05  DFHBMPFF-VAL VALUE 012		PIC S9(4) COMP-4.
   588		  05  FILLER REDEFINES DFHBMPFF-VAL.
   589		      10  FILLER			PIC X.
   590		      10  DFHBMPFF			PIC X.
   591       *                                              X'0C'.
   592		  05  DFHBMPCR-VAL VALUE 013		PIC S9(4) COMP-4.
   593		  05  FILLER REDEFINES DFHBMPCR-VAL.
   594		      10  FILLER			PIC X.
   595		      10  DFHBMPCR			PIC X.
   596       *                                              X'0D'.
   597		  05  DFHBMPEM-VAL VALUE 025		PIC S9(4) COMP-4.
   598		  05  FILLER REDEFINES DFHBMPEM-VAL.
   599		      10  FILLER			PIC X.
   600		      10  DFHBMPEM			PIC X.
   601       *                                              X'19'.
   602	     *
   603	     ******************************************************************
   604	     *	  unsupported Miscellaneous attributes and constants
   605	     *
   606		  05  DFHALL				PIC X VALUE LOW-VALUES.   607            05  DFHBASE                           PIC X VALUE '0'.
   608		  05  DFHBMDET				PIC X VALUE LOW-VALUES.
   609		  05  DFHBMPSOSI-VAL VALUE 3599 	PIC S9(4) COMP-4.
   610		  05  FILLER REDEFINES DFHBMPSOSI-VAL.
   611		      10  DFHBMPSO			PIC X.
   612       *                                              X'0E'.
   613		      10  DFHBMPSI			PIC X.
   614       *                                              X'0F'.
   615		  05  DFHDFT VALUE HIGH-VALUES		PIC X.
   616            05  DFHERROR                          PIC X VALUE '¶'.
   617       *                                              EBCDIC X'1A'.
   618       *                                              ASCII  X'B6'.
   619            05  DFHFIL                            PIC X VALUE '4'.
   620            05  DFHMENT                           PIC X VALUE '2'.
   621            05  DFHMET                            PIC X VALUE '3'.
   622            05  DFHMFE                            PIC X VALUE '6'.
   623            05  DFHMFET                           PIC X VALUE '7'.
   624            05  DFHMFT                            PIC X VALUE '5'.
   625            05  DFHMT                             PIC X VALUE '1'.
   626            05  DFHOUTLN                          PIC X VALUE 'B'.
   627            05  DFHPS                             PIC X VALUE '„'.
   628       *                                              EBCDIC x'43'
   629       *                                              ASCII  x'84'
   630            05  DFHVAL                            PIC X VALUE 'A'.
   631	     *
   632		  05  DFHSUB-VAL   VALUE 063		PIC S9(4) COMP-4.
   633		      88 DFHSUB-VAL-EBCDIC		VALUE 63.
   634		      88 DFHSUB-VAL-ASCII		VALUE 26.
   635		  05  FILLER REDEFINES DFHSUB-VAL.
   636		      10  FILLER			PIC X.
   637		      10  DFHSUB			PIC X.
   638       *                                              EBCDIC X'3F'.
   639       *                                              ASCII  X'1A'.
   640	     *
   641		  05  DFHFM-VAL    VALUE 030		PIC S9(4) COMP-4.
   642		  05  FILLER REDEFINES DFHFM-VAL.
   643		      10  FILLER			PIC X.
   644		      10  DFHFM 			PIC X.
   645       *                                              EBCDIC X'1E'.
   646		  05  DFHEO VALUE HIGH-VALUE		PIC X.
   648		  COPY DFHAID.
   650	      01  DFHAID.
   651	     *
   652	     * CA-Realia CICS 6.0 Computer Associates International, Inc.
   653	     *
   654	     * Revision Information
   655	     * ^{File:dfhaid.cob  }
   656	     * ^{Timestamp:Thu May 15 14:02:52 1997}
   657	     * ^{Revision:2.0}
   658	     *
   659	     *This is the AID constants copy file
   660	     *
   661            05  DFHENTER                  PIC X VALUE ''''.
   662	     *					value APOST
   663            05  DFHCLEAR                  PIC X VALUE '_'.
   664            05  DFHPA1                    PIC X VALUE '%'.
   665            05  DFHPA2                    PIC X VALUE '>'.
   666            05  DFHPA3                    PIC X VALUE ','.
   667            05  DFHPF1                    PIC X VALUE '1'.
   668            05  DFHPF2                    PIC X VALUE '2'.   669            05  DFHPF3                    PIC X VALUE '3'.
   670            05  DFHPF4                    PIC X VALUE '4'.
   671            05  DFHPF5                    PIC X VALUE '5'.
   672            05  DFHPF6                    PIC X VALUE '6'.
   673            05  DFHPF7                    PIC X VALUE '7'.
   674            05  DFHPF8                    PIC X VALUE '8'.
   675            05  DFHPF9                    PIC X VALUE '9'.
   676            05  DFHPF10                   PIC X VALUE ':'.
   677            05  DFHPF11                   PIC X VALUE '#'.
   678            05  DFHPF12                   PIC X VALUE '@'.
   679            05  DFHPF13                   PIC X VALUE 'A'.
   680            05  DFHPF14                   PIC X VALUE 'B'.
   681            05  DFHPF15                   PIC X VALUE 'C'.
   682            05  DFHPF16                   PIC X VALUE 'D'.
   683            05  DFHPF17                   PIC X VALUE 'E'.
   684            05  DFHPF18                   PIC X VALUE 'F'.
   685            05  DFHPF19                   PIC X VALUE 'G'.
   686            05  DFHPF20                   PIC X VALUE 'H'.
   687            05  DFHPF21                   PIC X VALUE 'I'.
   688            05  DFHPF22                   PIC X VALUE '›'.
   689       *                                  EBCDIC Cent sign x'4A'
   690       *                                  ASCII  Cent sign x'9B'
   691            05  DFHPF23                   PIC X VALUE '.'.
   692            05  DFHPF24                   PIC X VALUE '<'.
   693            05  DFHOPID                   PIC X VALUE 'W'.
   694            05  DFHMSRE                   PIC X VALUE 'X'.
   695            05  DFHTRIG                   PIC X VALUE '"'.
   696       *                                        value QUOTE  "
   697            05  DFHPEN                    PIC X VALUE '='.
   698            05  DFHCLRP                   PIC X VALUE 'Ý'.
   699       *                                  EBCDIC x'6A'
   700       *                                  ASCII  x'DD'
   701            05  DFHSTRF                   PIC X VALUE 'h'.
   702	     *	  DFHQUIT is a CA-Realia CICS Extension
   703	     *	  It is set by using <Ctrl>+C or <Ctrl>+<Break> Keys
   704            05  DFHQUIT                   PIC X VALUE '!'.
   705		  05  DFHNULL			PIC X VALUE LOW-VALUE.
   707
   708        01  WS-CURRENT-MAP                    PIC X(7) VALUE 'SM01S'.
   709	      01  WS-REC-LENGTH 			PIC S9(4)
   710		  COMP VALUE +228.
   711	      01  WS-QNAME				PIC X(08).
   712	      01  WS-KEYB.
   713		  05 WS-KEYB6			PIC X(06) VALUE LOW-VALUES.
   714		  05 FILLER REDEFINES WS-KEYB6.
   715		     10 FILLER			PIC X(03).
   716		     10 WS-KEYB3		PIC 9(03).
   717		  05 WS-KEYB1			PIC X(01) VALUE HIGH-VALUES.
   718	      01  WS-STF-REC.
   719		  05 WS-TICKET-ID			PIC 9(07).
   720		  05 WS-TIX-ID				REDEFINES WS-TICKET-ID.
   721		     10 WS-T-ID 			PIC X(06).
   722		     10 FILLER				PIC X.
   723		  05 WS-TICKET-REQ			PIC X(08).
   724		  05 WS-TICKET-STAT			PIC X(10).
   725		  05 WS-TICKET-TITLE			PIC X(25).
   726		  05 WS-TICKET-DESC			PIC X(100).
   727		  05 WS-LAST-UPD			PIC X(20).
   728		  05 WS-UPD-BY				PIC X(08).
   729		  05 WS-UPD-REMARKS			PIC X(50).   730	      01  WS-STF-REC2.
   731		  05 WS-STF-REQ2			OCCURS 11 PIC X(08).
   732	     *01  WS-REC.
   733	     *	  05 WS-USERID.
   734	     *	     10  WS-USERID7			PIC X(7).
   735	     *	     10  FILLER 			PIC X(1).
   736	     *	  05 WS-TYPE.
   737	     *	     10  WS-REQUESTOR			PIC X.
   738	     *	     10  WS-ADMIN			PIC X.
   739	     *	     10  WS-APPROVER			PIC X.
   740	     *	     10  WS-SERVICE			PIC X.
   741	     *	  05 WS-UPDATEDBY			PIC X(8).
   742	      01  WS-TIME				PIC 9(15) COMP-3.
   743	      01  WS-DATE				PIC 9(7).
   744	      01  WS-DATE-X REDEFINES WS-DATE		PIC X(7).
   745	      01  WS-LENGTH				PIC S9(4) COMP.
   746	      01  WS-FLAGS.
   747            05 WS-FLAG                            PIC X    VALUE 'N'.
   748            05 WS-PAGE-CHANGED                    PIC X VALUE 'N'.
   749		  05 WS-PAGE-INVALID			PIC X.
   750	      01  WS-SELECTED-VALUE			PIC X.
   751	      01  WS-COUNTERS.
   752		  05 WS-INDEX				PIC 9(02).
   753		  05 WS-I				PIC 9(02).
   754		  05 WS-SELECT-COUNT			PIC 9.
   755		  05 WS-PAGE-UPDOWN			PIC 9(02).
   756
   757	      01  WS-ERRMSGS.
   758		  05 WS-INVALID-ACCESS			PIC X(15) VALUE
   759               'INVALID ACCESS'.
   760		  05 WS-INVALID-PGMID			PIC X(20) VALUE
   761               'INVALID USER ACCESS'.
   762		  05 WS-MAPFAIL 			PIC X(20) VALUE
   763               'MAPFAIL ERROR'.
   764		  05 WS-INVALID-TIX-ACC 		PIC X(34) VALUE
   765               'INVALID ACCESS TO SELECTED TICKET'.
   766		  05 WS-FIELD-REQ			PIC X(24) VALUE
   767               'OPTION FIELD IS REQUIRED'.
   768		  05 WS-FIRST-PAGE			PIC X(23) VALUE
   769               'THIS IS THE FIRST PAGE'.
   770		  05 WS-LAST-PAGE			PIC X(21) VALUE
   771               'THIS IS THE LAST PAGE'.
   772		  05 WS-INVALID-VALUE			PIC X(46) VALUE
   773               'INVALID VALUE. PLEASE CORRECT HIGHLIGHT FIELDS'.
   774		  05 WS-INVALID-PFKEY			PIC X(21) VALUE
   775                'INAVLID PFKEY PRESSED'.
   776		  05 WS-MULTIPLE-SELECT 		PIC X(31) VALUE
   777                'NO MULTIPLE SELECTED IS ALLOWED'.
   778		  05 WS-SELECT-OPTION			PIC X(29) VALUE
   779               'SELECT TICKET AND PRESS ENTER'.
   780
   781	      77 WS-RETNCODE				PIC S9(8) COMP.
   782	      77 WS-RETNCODE2				PIC S9(8) COMP.
   783	      01  WS-LASTPAGE				PIC X(1).
   784	      01  WS-FIRSTPAGE				PIC X(1).
   785	      01  WS-PAGE-CTR				PIC 9(02).
   786
   787	      01  WS-COMMAREA.
   788		  05 WS-PGMID				PIC X(06).
   789		  05 WS-STATE				PIC X.   790		  05 WS-TICKET-PASSED			PIC X(07).
   791		  05 USERID.
   792		     10  USERID7			PIC X(7).
   793		     10  FILLER 			PIC X(1).
   794		  05 USR-TYPE.
   795		    15 USR-REQUESTOR			PIC X.
   796		    15 USR-ADMIN			PIC X.
   797		    15 USR-APPROVER			PIC X.
   798		    15 USR-SERVICE			PIC X.
   799		  05 WS-SM012-STATE			PIC X.
   800		  05 WS-SM012-PGMID			PIC X(06).
   801		  05 WS-STF01-REC.
   802		     10 WS-STF01-ID			PIC X(07).
   803		     10 FILL1				PIC X(03).
   804		     10 WS-STF01-TITLE			PIC X(25).
   805		     10 FILL2				PIC X(01).
   806		     10 WS-STF01-STATUS 		PIC X(10).
   807		     10 FILL3				PIC X(04).
   808		     10 WS-STF01-LAST-UPD		PIC X(10).
   809		     10 FILL4				PIC X(02).
   810		     10 WS-STF01-LAST-UPDBY		PIC X(8).
   811		     10 WS-STF01-REQ			PIC X(8).
   812		  05 WS-PGMNAME 			PIC  X(6).
   813		  05 WS-DFHSTATE			PIC X(15).
   814		  05 WS-TRANS				PIC X(04).
   815		  05 WS-LUSER				PIC 9(03).
   816		  05 WS-FUSER				PIC X(07).
   817		  05 WS-PAGE				PIC 9(02).
   818		  05 WS-PAGE-END			PIC 9(01).
   819		  05 WS-QITEM				PIC S9(4) COMP.
   820		  05 WS-QITEM-START			PIC S9(4) COMP.
   821		  05 WS-QITEM-END			PIC S9(4) COMP.
   822		  05 WS-QITEM-PAGE			PIC S9(4) COMP.
   823		  05 WS-PAGES.
   824		     10 WS-PREV-PAGE			   PIC X(02).
   825		     10 PREV-PAGE REDEFINES WS-PREV-PAGE   PIC 9(02).
   826		     10 WS-CURR-PAGE			   PIC X(02).
   827		     10 CURR-PAGE REDEFINES WS-CURR-PAGE   PIC 9(02).
   828		     10 WS-TOTAL-QITEM			   PIC 9(02).
   829		     10 WS-MAX-PAGE			   PIC 9(02).
   830	     *----------------------------------------------------------------*
   831	     *				LINKAGE SECTION 		      *
   832	     *----------------------------------------------------------------*
   833	      LINKAGE SECTION.
   835	      01  DFHEIBLK.						       R
   836		  05 EIBTIME  PIC S9(7) COMP-3. 			       R
   837		  05 EIBDATE  PIC S9(7) COMP-3. 			       R
   838		  05 EIBTRNID PIC X(4). 				       R
   839		  05 EIBTASKN PIC S9(7) COMP-3. 			       R
   840		  05 EIBTRMID PIC X(4). 				       R
   841		  05 DFHEIGDI PIC S9(4) COMP-4. 			       R
   842		  05 EIBCPOSN PIC S9(4) COMP-4. 			       R
   843		  05 EIBCALEN PIC S9(4) COMP-4. 			       R
   844		  05 EIBAID   PIC X.					       R
   845		  05 EIBFN    PIC X(2). 				       R
   846		  05 EIBRCODE PIC X(6). 				       R
   847		  05 EIBDS    PIC X(8). 				       R
   848		  05 EIBREQID PIC X(8). 				       R
   849		  05 EIBRSRCE PIC X(8). 				       R
   850		  05 EIBSYNC  PIC X.					       R   851		  05 EIBFREE  PIC X.					       R
   852		  05 EIBRECV  PIC X.					       R
   853		  05 EIBSEND  PIC X.					       R
   854		  05 EIBATT   PIC X.					       R
   855		  05 EIBEOC   PIC X.					       R
   856		  05 EIBFMH   PIC X.					       R
   857		  05 EIBCOMPL PIC X.					       R
   858		  05 EIBSIG   PIC X.					       R
   859		  05 EIBCONF  PIC X.					       R
   860		  05 EIBERR   PIC X.					       R
   861		  05 EIBERRCD PIC X(4). 				       R
   862		  05 EIBSYNRB PIC X.					       R
   863		  05 EIBNODAT PIC X.					       R
   864		  05 EIBRESP  PIC S9(8) COMP-4. 			       R
   865		  05 EIBRESP2 PIC S9(8) COMP-4. 			       R
   866		  05 EIBRLDBK PIC X.					       R
   867		  05 EIBCARESERVED PIC X(32).				       R
   869	      01  DFHCOMMAREA.
   870		  05 DF-PGMID				PIC X(06).
   871		  05 DF-STATE				PIC X.
   872		  05 DF-TICKET-PASSED			PIC X(07).
   873		  05 DF-USERID.
   874		     10  DF-USERID7			PIC X(7).
   875		     10  FILLER 			PIC X(1).
   876		  05 DF-USR-TYPE.
   877		    15 DF-USR-REQUESTOR 		PIC X.
   878		    15 DF-USR-ADMIN			PIC X.
   879		    15 DF-USR-APPROVER			PIC X.
   880		    15 DF-USR-SERVICE			PIC X.
   881		  05 DF-SM012-STATE			PIC X.
   882		  05 DF-SM012-PGMID			PIC X(06).
   883		  05 DF-STF01-REC.
   884		     10 DF-STF01-ID			PIC X(07).
   885		     10 DF-FILLER			PIC X(03).
   886		     10 DF-STF01-TITLE			PIC X(25).
   887		     10 DF-FILLER			PIC X(01).
   888		     10 DF-STF01-STATUS 		PIC X(10).
   889		     10 DF-FILLER			PIC X(04).
   890		     10 DF-STF01-LAST-UPD		PIC X(10).
   891		     10 DF-FILLER4			PIC X(02).
   892		     10 DF-STF01-LAST-UPDBY		PIC X(8).
   893		     10 DF-STF01-REQ			PIC X(8).
   894		  05 DF-PGMNAME 			PIC X(6).
   895		  05 DFHSTATE				PIC X(15).
   896		  05 DF-TRANS				PIC X(04).
   897		  05 DF-LUSER				PIC 9(03).
   898		  05 DF-FUSER				PIC X(07).
   899		  05 DF-PAGE				PIC 9(02).
   900		  05 DF-PAGE-END			PIC 9(01).
   901		  05 DF-QITEM				PIC S9(4) COMP.
   902		  05 DF-QITEM-START			PIC S9(4) COMP.
   903		  05 DF-QITEM-END			PIC S9(4) COMP.
   904		  05 DF-QITEM-PAGE			PIC S9(4) COMP.
   905		  05 DF-PAGES.
   906		     10 DF-PREV-PAGE			   PIC X(02).
   907		     10 PREV REDEFINES DF-PREV-PAGE	   PIC 9(02).
   908		     10 DF-CURR-PAGE			   PIC X(02).
   909		     10 CURR REDEFINES DF-CURR-PAGE	   PIC 9(02).
   910		     10 DF-TOTAL-QITEM			   PIC 9(02).
   911		     10 DF-MAX-PAGE			   PIC 9(02).   912
   913	      PROCEDURE DIVISION					       R
   915		  USING DFHEIBLK DFHCOMMAREA.				       R
   940	      100-MAIN.
   941		  MOVE DFHCOMMAREA TO WS-COMMAREA
   942		  STRING EIBTRMID DELIMITED BY SIZE
   943                      'SM01' DELIMITED BY SIZE
   944			 INTO WS-QNAME
   946		  EXEC CICS
   947		    IGNORE CONDITION ERROR
   948		  END-EXEC
   963
   964            IF WS-PGMID = 'SM000' OR WS-PGMID = 'SM001' OR
   965               WS-PGMID = 'SM002' OR WS-PGMID = 'SM003' OR
   966               WS-PGMID = 'SM004' OR WS-PGMID = 'SM005' OR
   967               WS-PGMID = 'SM006'
   968		      IF WS-STATE NOT = LOW-VALUES
   969			 PERFORM 200-REC-MAP
   970			 PERFORM 500-CHECK-EIBAID
   971			 PERFORM 600-MOVE-Q-TO-SCREEN
   972			 PERFORM 111-CREATE-MAP
   973		      ELSE
   974			  MOVE WS-SELECT-OPTION TO ERRMSG1O
   975			  MOVE 1 TO WS-STATE
   976			  MOVE 1 TO WS-PAGE
   977			  MOVE WS-PAGE TO PAGEO
   978			  PERFORM 900-MOVE-FILES-TO-Q
   979			  PERFORM 600-MOVE-Q-TO-SCREEN
   980			  PERFORM 111-CREATE-MAP
   981		      END-IF
   982		  ELSE
   983		      MOVE SPACES TO ERRMSG1O
   984		      MOVE LENGTH OF WS-INVALID-ACCESS TO WS-LENGTH
   986		      EXEC CICS SEND TEXT
   987			      FROM (WS-INVALID-ACCESS)
   988			      LENGTH (WS-LENGTH)
   989			      ERASE
   990			 END-EXEC
  1021		      EXEC CICS RETURN
  1022		      END-EXEC
  1035		  END-IF.
  1036
  1037	      100-EXIT.
  1038		  EXIT.
  1039
  1040	      110-DATE-TIME.
  1041		  MOVE EIBDATE TO WS-DATE.
  1042		  MOVE WS-DATE-X TO DATE1O.
  1044		  EXEC CICS ASKTIME
  1045		       ABSTIME	  (WS-TIME)
  1046		  END-EXEC
  1065		  EXEC CICS FORMATTIME
  1066		       ABSTIME	  (WS-TIME)
  1067                 DATESEP    ('/')
  1068		       MMDDYYYY   (DATE1O)
  1069		       TIME	  (TIME1O)
  1070                 TIMESEP    (':')
  1071		  END-EXEC
  1111		  MOVE DFHBMASB TO TIME1A
  1112		  MOVE DFHBMASB TO DATE1A.  1113	      110-EXIT.
  1114		  EXIT.
  1115
  1116	      111-CREATE-MAP.
  1117		  PERFORM 110-DATE-TIME
  1118		  MOVE DFHUNIMD TO TITLEA
  1119		  MOVE DFHUNIMD TO STATUSA
  1120
  1121		  MOVE LENGTH OF SM001MO TO WS-LENGTH
  1123		  EXEC CICS SEND
  1124                 MAP('SM001M')
  1125                 MAPSET('SM01S')
  1126		       FROM(SM001MO)
  1127		       LENGTH(WS-LENGTH)
  1128		       CURSOR
  1129		       ERASE
  1130		  END-EXEC
  1176		  EXEC CICS RETURN
  1177                 TRANSID('SM01')
  1178		       COMMAREA(WS-COMMAREA)
  1179		  END-EXEC.
  1204	      110-EXIT.
  1205		  EXIT.
  1206
  1207	      200-REC-MAP.
  1209		  EXEC CICS RECEIVE
  1210                 MAP('SM001M')
  1211                 MAPSET('SM01S')
  1212		       INTO (SM001MI)
  1213		  END-EXEC.
  1247	     *	  IF EIBRESP = DFHRESP(MAPFAIL)
  1248	     *	     MOVE WS-INVALID-PFKEY TO ERRMSG1O
  1249	     *	     PERFORM 600-MOVE-Q-TO-SCREEN
  1250	     *	     PERFORM 111-CREATE-MAP
  1251	     *	  END-IF
  1252	      200-EXIT.
  1253		  EXIT.
  1254
  1255	      530-PAGE-UP-ENTER.
  1256		  IF WS-QITEM-PAGE > WS-QITEM-END
  1257		     SUBTRACT 11 FROM WS-QITEM-PAGE
  1258		     MOVE WS-LAST-PAGE TO ERRMSG1O
  1259		  ELSE
  1260		     MOVE WS-SELECT-OPTION TO
  1261		      ERRMSG1O
  1262		     MOVE CURR-PAGE TO WS-PAGE
  1263		     MOVE WS-PAGE TO PAGEO
  1264		     PERFORM 600-MOVE-Q-TO-SCREEN
  1265		  END-IF
  1266		  PERFORM 111-CREATE-MAP.
  1267	      530-EXIT.
  1268		  EXIT.
  1269
  1270	      540-PAGEDOWN-ENTER.
  1271		  IF WS-QITEM-PAGE = WS-QITEM-START OR
  1272		     WS-QITEM-PAGE <  WS-QITEM-START
  1273		     MOVE WS-FIRST-PAGE TO ERRMSG1O
  1274		     MOVE 1 TO WS-PAGE
  1275		     MOVE WS-QITEM-START TO WS-QITEM-PAGE
  1276		  ELSE  1277		    SUBTRACT CURR-PAGE FROM WS-PAGE
  1278		    MOVE WS-PAGE TO PAGEO
  1279		  END-IF
  1280		  MOVE WS-PAGE TO PAGEO
  1281		  PERFORM 600-MOVE-Q-TO-SCREEN
  1282		  PERFORM 111-CREATE-MAP.
  1283	      540-EXIT.
  1284		  EXIT.
  1285
  1286	      500-CHECK-EIBAID.
  1287		  EVALUATE EIBAID
  1288		  WHEN DFHCLEAR
  1289		       MOVE WS-INVALID-PFKEY TO ERRMSG1O
  1290		       MOVE -1 TO TITLEL
  1291		       PERFORM 600-MOVE-Q-TO-SCREEN
  1292		       PERFORM 111-CREATE-MAP
  1293
  1294		  WHEN DFHPF2
  1295                 IF USR-REQUESTOR  = 'Y'
  1296	     *		  MOVE LENGTH OF WS-COMMAREA TO WS-LENGTH
  1297                    MOVE 'SM001' TO WS-PGMID
  1298			  MOVE LOW-VALUES TO WS-STATE
  1300			  EXEC CICS XCTL
  1301                         PROGRAM ('SM002')
  1302			       COMMAREA (WS-COMMAREA)
  1303			       LENGTH (+26)
  1304			  END-EXEC
  1334		       ELSE
  1335			  MOVE WS-INVALID-ACCESS TO ERRMSG1O
  1336		       END-IF
  1337		  WHEN DFHPF3
  1338                 MOVE 'SM001' TO WS-PGMID
  1339		       MOVE LOW-VALUES TO WS-STATE
  1340		       MOVE LENGTH OF WS-COMMAREA TO WS-LENGTH
  1342		       EXEC CICS
  1343			   SEND CONTROL
  1344			   ERASE
  1345		       END-EXEC
  1365		       EXEC CICS DELETEQ TS
  1366			    QUEUE(WS-QNAME)
  1367		       END-EXEC
  1387		       EXEC CICS XCTL
  1388                      PROGRAM('SM000')
  1389		       END-EXEC
  1408		  WHEN DFHPF5
  1409                 MOVE 'PF5 PRESSED' TO ERRMSG1O
  1410		  WHEN DFHPF7
  1411		       PERFORM 510-PF7-PAGE-UP
  1412
  1413		  WHEN DFHPF8
  1414		       PERFORM 520-PF8-PAGE-DOWN
  1415
  1416		  WHEN DFHPF12
  1417		       PERFORM VARYING WS-INDEX FROM 1 BY 1 UNTIL WS-INDEX > 11
  1418			  MOVE LOW-VALUES TO DETL-SELECTI(WS-INDEX)
  1419		       END-PERFORM
  1420		       PERFORM 600-MOVE-Q-TO-SCREEN
  1421		       PERFORM 111-CREATE-MAP
  1422		  WHEN DFHENTER
  1423		       PERFORM 550-PAGE-CHANGED  1424
  1425		  WHEN OTHER
  1426                 MOVE 'INAVLID PFKEY PRESSED' TO ERRMSG1O
  1427		       PERFORM 600-MOVE-Q-TO-SCREEN
  1428		       PERFORM 111-CREATE-MAP
  1429		  END-EVALUATE
  1430             MOVE 'N' TO WS-PAGE-CHANGED.
  1431	      500-EXIT.
  1432		  EXIT.
  1433
  1434	      510-PF7-PAGE-UP.
  1435		  SUBTRACT 11 FROM WS-QITEM-PAGE
  1436		  IF WS-QITEM-PAGE = WS-QITEM-START OR
  1437		     WS-QITEM-PAGE <  WS-QITEM-START
  1438		     MOVE WS-FIRST-PAGE TO ERRMSG1O
  1439		     MOVE 1 TO WS-PAGE
  1440		     MOVE WS-QITEM-START TO WS-QITEM-PAGE
  1441		  ELSE
  1442		    MOVE WS-SELECT-OPTION TO ERRMSG1O
  1443		    SUBTRACT 1 FROM WS-PAGE
  1444		    MOVE WS-PAGE TO PAGEO
  1445		  END-IF
  1446		  MOVE WS-PAGE TO PAGEO
  1447		  PERFORM 600-MOVE-Q-TO-SCREEN
  1448		  PERFORM 111-CREATE-MAP.
  1449	      510-EXIT.
  1450		  EXIT.
  1451
  1452
  1453	      520-PF8-PAGE-DOWN.
  1454		  ADD 11 TO WS-QITEM-PAGE
  1455		  IF WS-QITEM-PAGE > WS-QITEM-END
  1456		     SUBTRACT 11 FROM WS-QITEM-PAGE
  1457		     MOVE WS-LAST-PAGE TO ERRMSG1O
  1458		  ELSE
  1459		     MOVE WS-SELECT-OPTION TO ERRMSG1O
  1460		     ADD 1 TO WS-PAGE
  1461		     MOVE WS-PAGE TO PAGEO
  1462		     PERFORM 600-MOVE-Q-TO-SCREEN
  1463		  END-IF.
  1464		  PERFORM 111-CREATE-MAP.
  1465	      520-EXIT.
  1466		  EXIT.
  1467
  1468	      550-PAGE-CHANGED.
  1469		  MOVE PAGEI TO WS-CURR-PAGE
  1470		  IF CURR-PAGE IS NUMERIC
  1471		     PERFORM VARYING WS-INDEX FROM 1 BY 1 UNTIL
  1472			     WS-INDEX > WS-MAX-PAGE
  1473                 MOVE 'Y' TO WS-PAGE-INVALID
  1474		       IF CURR-PAGE = WS-INDEX
  1475                    MOVE 'N' TO WS-PAGE-INVALID
  1476			  SUBTRACT PREV-PAGE FROM CURR-PAGE GIVING
  1477				   WS-PAGE-UPDOWN
  1478			  EVALUATE TRUE
  1479			   WHEN CURR-PAGE > PREV-PAGE
  1480			     IF WS-PAGE-UPDOWN = 1
  1481				ADD 11 TO WS-QITEM-PAGE
  1482				PERFORM 530-PAGE-UP-ENTER
  1483                           MOVE 'Y' TO WS-PAGE-CHANGED  1484			     ELSE
  1485				MOVE 1 TO WS-I
  1486				PERFORM UNTIL WS-I = CURR-PAGE
  1487					ADD 11 TO WS-QITEM-PAGE
  1488					ADD 1 TO WS-I
  1489				END-PERFORM
  1490				PERFORM 530-PAGE-UP-ENTER
  1491                           MOVE 'Y' TO WS-PAGE-CHANGED
  1492			     END-IF
  1493			   WHEN CURR-PAGE < PREV-PAGE
  1494			     IF WS-PAGE-UPDOWN = 1
  1495				SUBTRACT 11 FROM WS-QITEM-PAGE
  1496			       PERFORM 540-PAGEDOWN-ENTER
  1497                          MOVE 'Y' TO WS-PAGE-CHANGED
  1498			     ELSE
  1499				MOVE PREV-PAGE TO WS-I
  1500				PERFORM UNTIL WS-I = CURR-PAGE
  1501					SUBTRACT 11 FROM WS-QITEM-PAGE
  1502					SUBTRACT 1 FROM WS-I
  1503				END-PERFORM
  1504				PERFORM 540-PAGEDOWN-ENTER
  1505                           MOVE 'Y' TO WS-PAGE-CHANGED
  1506			     END-IF
  1507			   WHEN OTHER
  1508				PERFORM 560-CHECK-OPTION-FIELDS
  1509			  END-EVALUATE
  1510		       END-IF
  1511		     END-PERFORM
  1512               IF WS-PAGE-INVALID = 'Y'
  1513			EVALUATE TRUE
  1514			  WHEN CURR-PAGE > WS-MAX-PAGE
  1515			       MOVE 1 TO WS-I
  1516			       PERFORM UNTIL WS-I = WS-MAX-PAGE
  1517				       ADD 11 TO WS-QITEM-PAGE
  1518				       ADD 1 TO WS-I
  1519			       END-PERFORM
  1520			       MOVE -1 TO PAGEL
  1521			       MOVE WS-MAX-PAGE TO PAGEO
  1522			       MOVE WS-MAX-PAGE TO WS-PAGE
  1523			      IF WS-QITEM-PAGE > WS-QITEM-END
  1524				 SUBTRACT 11 FROM WS-QITEM-PAGE
  1525				 MOVE WS-LAST-PAGE TO ERRMSG1O
  1526			      ELSE
  1527				 MOVE WS-SELECT-OPTION TO
  1528				  ERRMSG1O
  1529				 PERFORM 600-MOVE-Q-TO-SCREEN
  1530			      END-IF
  1531			      PERFORM 111-CREATE-MAP
  1532			  WHEN CURR-PAGE < 1
  1533			       MOVE PREV-PAGE TO WS-I
  1534			       PERFORM UNTIL WS-I = CURR-PAGE
  1535				       SUBTRACT 11 FROM WS-QITEM-PAGE
  1536				       SUBTRACT 1 FROM WS-I
  1537			       END-PERFORM
  1538			       PERFORM 540-PAGEDOWN-ENTER
  1539			END-EVALUATE
  1540		     ELSE
  1541                   MOVE 'N' TO WS-PAGE-INVALID
  1542		     END-IF
  1543		  ELSE  1544		      PERFORM 600-MOVE-Q-TO-SCREEN
  1545		      PERFORM 111-CREATE-MAP
  1546		  END-IF.
  1547	      550-EXIT.
  1548		  EXIT.
  1549
  1550	      560-CHECK-OPTION-FIELDS.
  1551		  PERFORM 600-MOVE-Q-TO-SCREEN
  1552		  MOVE 1 TO WS-INDEX
  1553		  MOVE 0 TO WS-SELECT-COUNT
  1554		  PERFORM UNTIL WS-INDEX > 11
  1555               IF DETL-SELECTI(WS-INDEX) NOT = '-' AND
  1556			DETL-SELECTI(WS-INDEX) NOT = SPACES AND
  1557			DETL-SELECTI(WS-INDEX) NOT = LOW-VALUES
  1558                  IF DETL-SELECTI(WS-INDEX) = 'U' OR
  1559                     DETL-SELECTI(WS-INDEX) = 'C' OR
  1560                     DETL-SELECTI(WS-INDEX) = 'A' OR
  1561                     DETL-SELECTI(WS-INDEX) = 'X'
  1562			   ADD 1 TO WS-SELECT-COUNT
  1563			   MOVE DETL-SELECTI(WS-INDEX) TO WS-SELECTED-VALUE
  1564			   MOVE DETL-DETAILI(WS-INDEX) TO WS-STF01-REC
  1565			   MOVE WS-STF-REQ2(WS-INDEX)  TO WS-STF01-REQ
  1566			ELSE
  1567			   MOVE DFHUNIMD TO DETL-SELECTA(WS-INDEX)
  1568			   MOVE -1 TO DETL-SELECTL(WS-INDEX)
  1569			   MOVE WS-INVALID-VALUE TO ERRMSG1O
  1570			   PERFORM 600-MOVE-Q-TO-SCREEN
  1571			   PERFORM 111-CREATE-MAP
  1572			END-IF
  1573		      IF WS-SELECT-COUNT = 1 OR 0
  1574			 EVALUATE WS-SELECTED-VALUE
  1575                    WHEN 'U'
  1576                        IF WS-STF01-STATUS = 'APPROVED' OR
  1577                           'ONGOING'
  1578                           IF USR-REQUESTOR = 'Y'  OR
  1579                              USR-SERVICE = 'Y'
  1580				    IF WS-STF01-REQ = USERID
  1581				       MOVE LENGTH OF WS-COMMAREA TO
  1582					 WS-LENGTH
  1584				       EXEC CICS LINK
  1585                                      PROGRAM ('SM003')
  1586					    COMMAREA (WS-COMMAREA)
  1587					    LENGTH (WS-LENGTH)
  1588				       END-EXEC
  1619                                 MOVE 'SM003' TO ERRMSG1O
  1620				    ELSE
  1621				       MOVE WS-INVALID-TIX-ACC TO ERRMSG1O
  1622				    END-IF
  1623				 ELSE
  1624				     MOVE WS-INVALID-TIX-ACC TO ERRMSG1O
  1625				 END-IF
  1626			      ELSE
  1627				  MOVE WS-INVALID-TIX-ACC TO ERRMSG1O
  1628			      END-IF
  1629                    WHEN 'C'
  1630                         IF WS-STF01-STATUS = 'COMPLETED'
  1631				  IF WS-STF01-REQ = USERID
  1632				     MOVE LENGTH OF WS-COMMAREA
  1633					  TO WS-LENGTH
  1635				     EXEC CICS XCTL  1636                                    PROGRAM ('SM004')
  1637					  COMMAREA (WS-COMMAREA)
  1638					  LENGTH (WS-LENGTH)
  1639				     END-EXEC
  1669                               MOVE 'SM004' TO ERRMSG1O
  1670				  ELSE
  1671				     MOVE WS-INVALID-TIX-ACC TO ERRMSG1O
  1672				     MOVE DFHUNIMD TO
  1673					  DETL-SELECTA(WS-INDEX)
  1674				     MOVE -1 TO DETL-SELECTL(WS-INDEX)
  1675				  END-IF
  1676			       ELSE
  1677				  MOVE WS-INVALID-TIX-ACC TO ERRMSG1O
  1678				  MOVE DFHUNIMD TO DETL-SELECTA(WS-INDEX)
  1679				  MOVE -1 TO DETL-SELECTL(WS-INDEX)
  1680			       END-IF
  1681                    WHEN 'A'
  1682                         IF WS-STF01-STATUS = 'CREATED'
  1683				  IF WS-STF01-REQ = USERID
  1684				     MOVE LENGTH OF WS-COMMAREA
  1685					  TO WS-LENGTH
  1687				     EXEC CICS XCTL
  1688                                    PROGRAM ('SM005')
  1689					  COMMAREA (WS-COMMAREA)
  1690					  LENGTH (WS-LENGTH)
  1691				     END-EXEC
  1721                               MOVE 'SM005' TO ERRMSG1O
  1722				  ELSE
  1723				     MOVE WS-INVALID-TIX-ACC TO ERRMSG1O
  1724				     MOVE DFHUNIMD TO
  1725					  DETL-SELECTA(WS-INDEX)
  1726				     MOVE -1 TO DETL-SELECTL(WS-INDEX)
  1727				  END-IF
  1728				ELSE
  1729				  MOVE WS-INVALID-TIX-ACC TO ERRMSG1O
  1730				  MOVE DFHUNIMD TO DETL-SELECTA(WS-INDEX)
  1731				  MOVE -1 TO DETL-SELECTL(WS-INDEX)
  1732				END-IF
  1733                    WHEN 'X'
  1734			       IF WS-STF01-REQ = USERID
  1735				  MOVE LENGTH OF WS-COMMAREA
  1736				       TO WS-LENGTH
  1738				  EXEC CICS XCTL
  1739                                 PROGRAM ('SM006')
  1740				       COMMAREA (WS-COMMAREA)
  1741				       LENGTH (WS-LENGTH)
  1742				  END-EXEC
  1772                            MOVE 'SM006' TO ERRMSG1O
  1773			       ELSE
  1774				  MOVE WS-INVALID-TIX-ACC TO ERRMSG1O
  1775				  MOVE DFHUNIMD TO DETL-SELECTA(WS-INDEX)
  1776				  MOVE -1	TO DETL-SELECTL(WS-INDEX)
  1777			       END-IF
  1778			  WHEN 0
  1779			       MOVE DFHUNIMD	 TO DETL-SELECTA(WS-INDEX)
  1780			       MOVE -1		 TO DETL-SELECTL(WS-INDEX)
  1781			       MOVE WS-FIELD-REQ TO ERRMSG1O
  1782			       PERFORM 600-MOVE-Q-TO-SCREEN
  1783			       PERFORM 111-CREATE-MAP
  1784			  WHEN OTHER  1785			       MOVE DFHUNIMD TO DETL-SELECTA(WS-INDEX)
  1786			       MOVE -1	     TO DETL-SELECTL(WS-INDEX)
  1787			       MOVE WS-INVALID-VALUE TO ERRMSG1O
  1788			       PERFORM 600-MOVE-Q-TO-SCREEN
  1789			       PERFORM 111-CREATE-MAP
  1790			 END-EVALUATE
  1791		      ELSE
  1792			MOVE DFHUNIMD TO DETL-SELECTA(WS-INDEX)
  1793			MOVE -1       TO DETL-SELECTL(WS-INDEX)
  1794			MOVE WS-MULTIPLE-SELECT TO ERRMSG1O
  1795			PERFORM 600-MOVE-Q-TO-SCREEN
  1796			PERFORM 111-CREATE-MAP
  1797			IF WS-SELECT-COUNT < 1
  1798			   MOVE DFHUNIMD TO DETL-SELECTA(WS-INDEX)
  1799			   MOVE -1 TO DETL-SELECTL(WS-INDEX)
  1800			   MOVE WS-FIELD-REQ TO ERRMSG1O
  1801			   PERFORM 600-MOVE-Q-TO-SCREEN
  1802			   PERFORM 111-CREATE-MAP
  1803			END-IF
  1804		      END-IF
  1805		     END-IF
  1806		     ADD 1 TO WS-INDEX
  1807		  END-PERFORM.
  1808	      560-EXIT.
  1809		  EXIT.
  1810	      600-MOVE-Q-TO-SCREEN.
  1811		   MOVE PAGEO TO WS-PREV-PAGE
  1812		   MOVE WS-QITEM-PAGE TO WS-QITEM
  1814		   EXEC CICS READQ TS
  1815			     QUEUE(WS-QNAME)
  1816			     INTO (WS-STF-REC)
  1817			     LENGTH(WS-REC-LENGTH)
  1818			     ITEM (WS-QITEM)
  1819		    END-EXEC
  1854
  1855		   MOVE 1 TO WS-INDEX
  1856
  1857		   PERFORM UNTIL WS-INDEX > 11
  1859		       IF EIBRESP = DFHRESP(NORMAL) AND
  1861		       IF EIBRESP =	    000     AND 		       R
  1862			  WS-QITEM <= WS-QITEM-END
  1863			  MOVE WS-TICKET-ID TO DETAILS-TIX-ID(WS-INDEX)
  1864			  MOVE WS-TICKET-REQ TO WS-STF-REQ2(WS-INDEX)
  1865			  MOVE WS-TICKET-STAT TO DETAILS-TIX-STAT(WS-INDEX)
  1866			  MOVE WS-TICKET-TITLE TO DETAILS-TIX-TITLE(WS-INDEX)
  1867			  MOVE WS-UPD-BY TO DETAILS-UPD-BY(WS-INDEX)
  1868			  MOVE WS-LAST-UPD TO DETAILS-LAST-UPD(WS-INDEX)
  1869			  ADD 1 TO WS-INDEX
  1870			  ADD 1 TO WS-QITEM
  1872			  EXEC CICS READQ TS
  1873			       QUEUE(WS-QNAME)
  1874			       INTO (WS-STF-REC)
  1875			       ITEM (WS-QITEM)
  1876			 END-EXEC
  1906		      ELSE
  1907			 MOVE SPACES TO DETL-DETAILI(WS-INDEX)
  1908			 MOVE WS-LAST-PAGE  TO ERRMSG1O
  1909                   MOVE '1' TO WS-LASTPAGE
  1910			 ADD 1 TO WS-INDEX
  1911		      END-IF  1912		   END-PERFORM
  1913		   MOVE DETAILS-TIX-ID(1) TO WS-FUSER.
  1914
  1915	      600-EXIT.
  1916		  EXIT.
  1917
  1918	      900-MOVE-FILES-TO-Q.
  1919		  MOVE LOW-VALUES TO WS-KEYB.
  1920		  MOVE LENGTH OF WS-STF-REC TO WS-REC-LENGTH
  1922		   EXEC CICS
  1923                STARTBR FILE('STF001C')
  1924		      RIDFLD (WS-KEYB)
  1925		      GTEQ
  1926		   END-EXEC
  1953
  1955		   EXEC CICS
  1956                 READNEXT FILE('STF001C')
  1957		       INTO (WS-STF-REC)
  1958		       RIDFLD (WS-KEYB)
  1959		   END-EXEC
  1988
  1990		  EXEC CICS WRITEQ TS
  1991			    QUEUE(WS-QNAME)
  1992			    FROM (WS-STF-REC)
  1993			    LENGTH (WS-REC-LENGTH)
  1994			    ITEM (WS-QITEM)
  1995		  END-EXEC
  2030		  MOVE WS-QITEM TO WS-QITEM-START
  2031		  MOVE 1 TO WS-TOTAL-QITEM
  2033		  PERFORM UNTIL EIBRESP NOT = DFHRESP(NORMAL)
  2035		  PERFORM UNTIL EIBRESP NOT =	      000		       R
  2036		      MOVE WS-QITEM TO WS-QITEM-END
  2038		      EXEC CICS
  2039                     READNEXT FILE('STF001C')
  2040			   INTO (WS-STF-REC)
  2041			   RIDFLD (WS-KEYB)
  2042		      END-EXEC
  2072		      IF EIBRESP = DFHRESP(NORMAL)
  2074		      IF EIBRESP =	   000				       R
  2076			 EXEC CICS WRITEQ TS
  2077			      QUEUE(WS-QNAME)
  2078			      FROM (WS-STF-REC)
  2079			      LENGTH (WS-REC-LENGTH)
  2080			      ITEM (WS-QITEM)
  2081			 END-EXEC
  2116			MOVE WS-T-ID TO WS-KEYB6
  2117			 MOVE HIGH-VALUES TO WS-KEYB1
  2118			 ADD 1 TO WS-TOTAL-QITEM
  2119		      END-IF
  2120		  END-PERFORM
  2121		      DIVIDE WS-TOTAL-QITEM BY 11 GIVING WS-MAX-PAGE
  2122		      ADD 1 TO WS-MAX-PAGE
  2124		  EXEC CICS
  2125                 ENDBR FILE('STF001C')
  2126		  END-EXEC
  2145		  MOVE WS-QITEM-START TO WS-QITEM-PAGE.
  2146
  2147	      900-EXIT.
  2148		  EXIT.CA-Realia COBOL Version 6.0.45	 D:\work\CAWB30-HO\SM001.cic	       PAGE   24



			Realia COBOL Compiler Version Information

			      Pass 1	 Version 6.072
			      Pass 1a	 Version 6.015
			      Pass 2	 Version 6.068
			      Pass 2a	 Version 6.020
			      Pass 3	 Version 6.094
			      Pass 4	 Version 6.007
			      Pass 5	 Version 6.022


			Compilation Directives in Effect

COMP-4		  DCHK		    OPT 	      NOCALL
NOSUBCHK	  STRCHK	    NOTRUNC	      NOSMALLCOMP
NODCALL 	  NODIVZERO	    NOEPDCALL	      APOST
EBCDIC		  STATABORT	    NOMOVELINK	      NOBLL4K
ARGCHK		  UPLOW 	    NOVERARG	      MDY
LP:   60	  PP		    FCREATE	      NOIEEE
NOLILIAN	  CURRENCY-SIGN=$   WRITEAFTER	      SOSI
NOCOPY68	  NOFLAG-COM	    NOFLAG-SEG	      NOFLAG-FIPS
DEBUGXREF	  DIALECT-VS2

			Error level limit: W

			Source lines compiled:	    2159
			Compilation time (mm:ss.ss):  0:00.69
			Compilation speed (lines/minute): 87739

			Compilation date (yy/mm/dd): 23/12/05
			     Time of day (hh:mm:ss): 11:33:34