     5	     *CBL XOPTS(COBOL2)
    20	      IDENTIFICATION DIVISION.
    21	      PROGRAM-ID. SM001.
    22	      ENVIRONMENT DIVISION.
    23	      CONFIGURATION SECTION.
    24	      SOURCE-COMPUTER.	  IBM-PC.
    25	      OBJECT-COMPUTER.	  IBM-PC.
    26	      DATA DIVISION.
    27	      FILE SECTION.
    28	     *------------------------*
    29	     *	  WORKING STORAGE     *
    30	     *------------------------*
    31	      WORKING-STORAGE SECTION.
    32		  COPY SM01S.
    34	     * SYMBOLIC MAP of SM01S Created by CACXBMS Version 6.0.27
    80	      01  SM001MI.
    81		  02  FILLER				     PIC X(12).
    82		  02  PAGEL				     PIC S9(4) COMP.
    83		  02  PAGEF				     PIC X.
    84		  02  FILLER REDEFINES PAGEF.
    85		      03  PAGEA 			     PIC X.
    86		  02  PAGEI				     PIC X(002).
    87		  02  DATE1L				     PIC S9(4) COMP.
    88		  02  DATE1F				     PIC X.
    89		  02  FILLER REDEFINES DATE1F.
    90		      03  DATE1A			     PIC X.
    91		  02  DATE1I				     PIC X(010).
    92		  02  TIME1L				     PIC S9(4) COMP.
    93		  02  TIME1F				     PIC X.
    94		  02  FILLER REDEFINES TIME1F.
    95		      03  TIME1A			     PIC X.
    96		  02  TIME1I				     PIC X(008).
    97		  02  TITLEL				     PIC S9(4) COMP.
    98		  02  TITLEF				     PIC X.
    99		  02  FILLER REDEFINES TITLEF.
   100		      03  TITLEA			     PIC X.
   101		  02  TITLEI				     PIC X(020).
   102		  02  STATUSL				     PIC S9(4) COMP.
   103		  02  STATUSF				     PIC X.
   104		  02  FILLER REDEFINES STATUSF.
   105		      03  STATUSA			     PIC X.
   106		  02  STATUSI				     PIC X(010).
   107		  02  TODATEL				     PIC S9(4) COMP.
   108		  02  TODATEF				     PIC X.
   109		  02  FILLER REDEFINES TODATEF.
   110		      03  TODATEA			     PIC X.
   111		  02  TODATEI				     PIC X(010).
   112		  02  FRDATEL				     PIC S9(4) COMP.
   113		  02  FRDATEF				     PIC X.
   114		  02  FILLER REDEFINES FRDATEF.
   115		      03  FRDATEA			     PIC X.
   116		  02  FRDATEI				     PIC X(010).
   117		  02  OPTN1L				     PIC S9(4) COMP.
   118		  02  OPTN1F				     PIC X.
   119		  02  FILLER REDEFINES OPTN1F.
   120		      03  OPTN1A			     PIC X.
   121		  02  OPTN1I				     PIC X(001).
   122		  02  OPTN2L				     PIC S9(4) COMP.
   123		  02  OPTN2F				     PIC X.
   124		  02  FILLER REDEFINES OPTN2F.   125		      03  OPTN2A			     PIC X.
   126		  02  OPTN2I				     PIC X(001).
   127		  02  OPTN3L				     PIC S9(4) COMP.
   128		  02  OPTN3F				     PIC X.
   129		  02  FILLER REDEFINES OPTN3F.
   130		      03  OPTN3A			     PIC X.
   131		  02  OPTN3I				     PIC X(001).
   132		  02  OPTN4L				     PIC S9(4) COMP.
   133		  02  OPTN4F				     PIC X.
   134		  02  FILLER REDEFINES OPTN4F.
   135		      03  OPTN4A			     PIC X.
   136		  02  OPTN4I				     PIC X(001).
   137		  02  OPTN5L				     PIC S9(4) COMP.
   138		  02  OPTN5F				     PIC X.
   139		  02  FILLER REDEFINES OPTN5F.
   140		      03  OPTN5A			     PIC X.
   141		  02  OPTN5I				     PIC X(001).
   142		  02  OPTN6L				     PIC S9(4) COMP.
   143		  02  OPTN6F				     PIC X.
   144		  02  FILLER REDEFINES OPTN6F.
   145		      03  OPTN6A			     PIC X.
   146		  02  OPTN6I				     PIC X(001).
   147		  02  OPTN7L				     PIC S9(4) COMP.
   148		  02  OPTN7F				     PIC X.
   149		  02  FILLER REDEFINES OPTN7F.
   150		      03  OPTN7A			     PIC X.
   151		  02  OPTN7I				     PIC X(001).
   152		  02  OPTN8L				     PIC S9(4) COMP.
   153		  02  OPTN8F				     PIC X.
   154		  02  FILLER REDEFINES OPTN8F.
   155		      03  OPTN8A			     PIC X.
   156		  02  OPTN8I				     PIC X(001).
   157		  02  OPTN9L				     PIC S9(4) COMP.
   158		  02  OPTN9F				     PIC X.
   159		  02  FILLER REDEFINES OPTN9F.
   160		      03  OPTN9A			     PIC X.
   161		  02  OPTN9I				     PIC X(001).
   162		  02  OPTN10L				     PIC S9(4) COMP.
   163		  02  OPTN10F				     PIC X.
   164		  02  FILLER REDEFINES OPTN10F.
   165		      03  OPTN10A			     PIC X.
   166		  02  OPTN10I				     PIC X(001).
   167		  02  OPTN11L				     PIC S9(4) COMP.
   168		  02  OPTN11F				     PIC X.
   169		  02  FILLER REDEFINES OPTN11F.
   170		      03  OPTN11A			     PIC X.
   171		  02  OPTN11I				     PIC X(001).
   172		  02  DETL1L				     PIC S9(4) COMP.
   173		  02  DETL1F				     PIC X.
   174		  02  FILLER REDEFINES DETL1F.
   175		      03  DETL1A			     PIC X.
   176		  02  DETL1I				     PIC X(070).
   177		  02  DETL2L				     PIC S9(4) COMP.
   178		  02  DETL2F				     PIC X.
   179		  02  FILLER REDEFINES DETL2F.
   180		      03  DETL2A			     PIC X.
   181		  02  DETL2I				     PIC X(070).
   182		  02  DETL3L				     PIC S9(4) COMP.
   183		  02  DETL3F				     PIC X.
   184		  02  FILLER REDEFINES DETL3F.   185		      03  DETL3A			     PIC X.
   186		  02  DETL3I				     PIC X(070).
   187		  02  DETL4L				     PIC S9(4) COMP.
   188		  02  DETL4F				     PIC X.
   189		  02  FILLER REDEFINES DETL4F.
   190		      03  DETL4A			     PIC X.
   191		  02  DETL4I				     PIC X(070).
   192		  02  DETL5L				     PIC S9(4) COMP.
   193		  02  DETL5F				     PIC X.
   194		  02  FILLER REDEFINES DETL5F.
   195		      03  DETL5A			     PIC X.
   196		  02  DETL5I				     PIC X(070).
   197		  02  DETL6L				     PIC S9(4) COMP.
   198		  02  DETL6F				     PIC X.
   199		  02  FILLER REDEFINES DETL6F.
   200		      03  DETL6A			     PIC X.
   201		  02  DETL6I				     PIC X(070).
   202		  02  DETL7L				     PIC S9(4) COMP.
   203		  02  DETL7F				     PIC X.
   204		  02  FILLER REDEFINES DETL7F.
   205		      03  DETL7A			     PIC X.
   206		  02  DETL7I				     PIC X(070).
   207		  02  DETL8L				     PIC S9(4) COMP.
   208		  02  DETL8F				     PIC X.
   209		  02  FILLER REDEFINES DETL8F.
   210		      03  DETL8A			     PIC X.
   211		  02  DETL8I				     PIC X(070).
   212		  02  DETL9L				     PIC S9(4) COMP.
   213		  02  DETL9F				     PIC X.
   214		  02  FILLER REDEFINES DETL9F.
   215		      03  DETL9A			     PIC X.
   216		  02  DETL9I				     PIC X(070).
   217		  02  DETL10L				     PIC S9(4) COMP.
   218		  02  DETL10F				     PIC X.
   219		  02  FILLER REDEFINES DETL10F.
   220		      03  DETL10A			     PIC X.
   221		  02  DETL10I				     PIC X(070).
   222		  02  DETL11L				     PIC S9(4) COMP.
   223		  02  DETL11F				     PIC X.
   224		  02  FILLER REDEFINES DETL11F.
   225		      03  DETL11A			     PIC X.
   226		  02  DETL11I				     PIC X(070).
   227		  02  ERRMSG1L				     PIC S9(4) COMP.
   228		  02  ERRMSG1F				     PIC X.
   229		  02  FILLER REDEFINES ERRMSG1F.
   230		      03  ERRMSG1A			     PIC X.
   231		  02  ERRMSG1I				     PIC X(070).
   232	      01  SM001MO REDEFINES SM001MI.
   233		  02  FILLER				     PIC X(12).
   234		  02  FILLER				     PIC XX.
   235		  02  FILLER				     PIC X.
   236		  02  PAGEO				     PIC X(002).
   237		  02  FILLER				     PIC XX.
   238		  02  FILLER				     PIC X.
   239		  02  DATE1O				     PIC X(010).
   240		  02  FILLER				     PIC XX.
   241		  02  FILLER				     PIC X.
   242		  02  TIME1O				     PIC X(008).
   243		  02  FILLER				     PIC XX.
   244		  02  FILLER				     PIC X.   245		  02  TITLEO				     PIC X(020).
   246		  02  FILLER				     PIC XX.
   247		  02  FILLER				     PIC X.
   248		  02  STATUSO				     PIC X(010).
   249		  02  FILLER				     PIC XX.
   250		  02  FILLER				     PIC X.
   251		  02  TODATEO				     PIC X(010).
   252		  02  FILLER				     PIC XX.
   253		  02  FILLER				     PIC X.
   254		  02  FRDATEO				     PIC X(010).
   255		  02  FILLER				     PIC XX.
   256		  02  FILLER				     PIC X.
   257		  02  OPTN1O				     PIC X(001).
   258		  02  FILLER				     PIC XX.
   259		  02  FILLER				     PIC X.
   260		  02  OPTN2O				     PIC X(001).
   261		  02  FILLER				     PIC XX.
   262		  02  FILLER				     PIC X.
   263		  02  OPTN3O				     PIC X(001).
   264		  02  FILLER				     PIC XX.
   265		  02  FILLER				     PIC X.
   266		  02  OPTN4O				     PIC X(001).
   267		  02  FILLER				     PIC XX.
   268		  02  FILLER				     PIC X.
   269		  02  OPTN5O				     PIC X(001).
   270		  02  FILLER				     PIC XX.
   271		  02  FILLER				     PIC X.
   272		  02  OPTN6O				     PIC X(001).
   273		  02  FILLER				     PIC XX.
   274		  02  FILLER				     PIC X.
   275		  02  OPTN7O				     PIC X(001).
   276		  02  FILLER				     PIC XX.
   277		  02  FILLER				     PIC X.
   278		  02  OPTN8O				     PIC X(001).
   279		  02  FILLER				     PIC XX.
   280		  02  FILLER				     PIC X.
   281		  02  OPTN9O				     PIC X(001).
   282		  02  FILLER				     PIC XX.
   283		  02  FILLER				     PIC X.
   284		  02  OPTN10O				     PIC X(001).
   285		  02  FILLER				     PIC XX.
   286		  02  FILLER				     PIC X.
   287		  02  OPTN11O				     PIC X(001).
   288		  02  FILLER				     PIC XX.
   289		  02  FILLER				     PIC X.
   290		  02  DETL1O				     PIC X(070).
   291		  02  FILLER				     PIC XX.
   292		  02  FILLER				     PIC X.
   293		  02  DETL2O				     PIC X(070).
   294		  02  FILLER				     PIC XX.
   295		  02  FILLER				     PIC X.
   296		  02  DETL3O				     PIC X(070).
   297		  02  FILLER				     PIC XX.
   298		  02  FILLER				     PIC X.
   299		  02  DETL4O				     PIC X(070).
   300		  02  FILLER				     PIC XX.
   301		  02  FILLER				     PIC X.
   302		  02  DETL5O				     PIC X(070).
   303		  02  FILLER				     PIC XX.
   304		  02  FILLER				     PIC X.   305		  02  DETL6O				     PIC X(070).
   306		  02  FILLER				     PIC XX.
   307		  02  FILLER				     PIC X.
   308		  02  DETL7O				     PIC X(070).
   309		  02  FILLER				     PIC XX.
   310		  02  FILLER				     PIC X.
   311		  02  DETL8O				     PIC X(070).
   312		  02  FILLER				     PIC XX.
   313		  02  FILLER				     PIC X.
   314		  02  DETL9O				     PIC X(070).
   315		  02  FILLER				     PIC XX.
   316		  02  FILLER				     PIC X.
   317		  02  DETL10O				     PIC X(070).
   318		  02  FILLER				     PIC XX.
   319		  02  FILLER				     PIC X.
   320		  02  DETL11O				     PIC X(070).
   321		  02  FILLER				     PIC XX.
   322		  02  FILLER				     PIC X.
   323		  02  ERRMSG1O				     PIC X(070).
   325	     *----------------------------------------------------------------*
   326	     *			   COPYBOOK REDEFINES			      *
   327	     *----------------------------------------------------------------*
   328	      01  DETL-LINE REDEFINES SM001MI.
   329		  05 FILLER				 PIC X(103).
   330		  05 DETL-SELECT			 OCCURS 11.
   331		     10 DETL-SELECTL			 PIC S9(4) COMP.
   332		     10 DETL-SELECTF			 PIC X.
   333			  10 FILLER REDEFINES DETL-SELECTF.
   334			15 DETL-SELECTA 		 PIC X.
   335			  10 DETL-SELECTI		      PIC X(001).
   336		  05 DETL-DETAIL			 OCCURS 11.
   337		     10 DETL-DETAILL			 PIC S9(4) COMP.
   338		     10 DETL-DETAILF			 PIC X.
   339		     10 FILLER REDEFINES DETL-DETAILF.
   340			15 DETL-DETAILA 		 PIC X.
   341			 10 DETL-DETAILI.
   342			15 DETAILS-TIX-ID		 PIC X(07).
   343			15 FILLER1			 PIC X(03).
   344			15 DETAILS-TIX-TITLE		 PIC X(25).
   345			15 FILLER2			 PIC X(01).
   346			15 DETAILS-TIX-STAT		 PIC X(10).
   347			15 FILLER3			 PIC X(04).
   348			15 DETAILS-LAST-UPD.
   349			   20  DETAIL-DD		 PIC X(02).
   350			   20  SLASH1			 PIC X.
   351			   20  DETAIL-MM		 PIC X(02).
   352			   20  SLASH2			 PIC X.
   353			   20  DETAIL-YYYY		 PIC X(04).
   354			15 FILLER4			 PIC X(02).
   355			15 DETAILS-UPD-BY		 PIC X(08).
   356		  05 FILLER				 PIC X(65).
   357		  COPY DFHBMSCA.
   359	      01  DFHBMSCA.
   360	     *
   361	     * CA-Realia CICS 6.0 Computer Associates International, Inc.
   362	     *
   363	     * Revision Information
   364	     * ^{File:dfhbmsca.cob}
   365	     * ^{Timestamp:Tue Oct 08 15:34:54 1996}
   366	     * ^{Revision:2.0}   367	     *
   368	     *	Note:This FILE is provided with most values as quoted literals
   369	     *	     so that the file can be used for both ASCII and EBCDIC
   370	     *	     programs
   371	     *
   372	     *	     The only exceptions are some 3270 Data Stream Orders
   373	     *	     They use different Hexadecimal values for ASCII and
   374	     *	     EBCDIC and they cannot be expressed as quoted literals
   375	     *	     as the values are <Line Feed>, <Tab>, <End of File> etc.
   376	     *	     characters in ASCII
   377	     *
   378	     *	     They have their values set up to default to the EBCDIC
   379	     *	     values.
   380	     *
   381	     *	     3270 orders are only needed for EXEC CICS SEND and RECEIVE
   382	     *	     and SEND TEXT with imbedded format orders.
   383	     *	     If you use these values in ASCII programs the values
   384	     *	     must be changed.
   385	     *
   386	     *	     An alternative is to use REPLACING to change the values.
   387	     *
   388	     *	  i.e. COPY DFHBMSCA replacing
   389	     *			    ==005== BY ==009==	*> DFHPT
   390	     *			    ==021== BY ==010==	*> DFHNL
   391	     *			    ==040== BY ==021==	*> DFHSA
   392	     *			    ==041== BY ==031==	*> DFHSFE
   393	     *			    ==044== BY ==023==	*> DFHMF
   394	     *			    ==060== BY ==020==	*> DFHRA
   395	     *			    ==063== BY ==026==. *> DFHSUB
   396	     *
   397	     ******************************************************************
   398	     *BMS and Terminal Control - Order & Attributes constants	      *
   399	     ******************************************************************
   400	     *
   401	     *	  Field Attributes
   402	     *
   403            05  DFHBMASB                          PIC X VALUE '8'.
   404            05  DFHBMASF                          PIC X VALUE '1'.
   405            05  DFHBMASK                          PIC X VALUE '0'.
   406            05  DFHBMBRY                          PIC X VALUE 'H'.
   407            05  DFHBMDAR                          PIC X VALUE '<'.
   408            05  DFHBMFSE                          PIC X VALUE 'A'.
   409            05  DFHBMPRF                          PIC X VALUE '/'.
   410            05  DFHBMPRO                          PIC X VALUE '-'.
   411            05  DFHBMUNN                          PIC X VALUE '&'.
   412            05  DFHBMUNP                          PIC X VALUE ' '.
   413            05  DFHUNNUM                          PIC X VALUE 'J'.
   414	     *
   415	     *	  partially supported
   416	     *
   417            05  DFHUNNOD                          PIC X VALUE '('.
   418            05  DFHUNIMD                          PIC X VALUE 'I'.
   419            05  DFHUNINT                          PIC X VALUE 'R'.
   420            05  DFHUNNON                          PIC X VALUE '('.
   421            05  DFHPROTI                          PIC X VALUE 'Y'.
   422            05  DFHPROTN                          PIC X VALUE '%'.
   423	     *
   424	     *	  These values are additions to mainframe constants
   425	     *
   426            05  DFHBMS-ASK-DARK                   PIC X VALUE '@'.   427            05  DFHBMS-ASK-BRY-FSET               PIC X VALUE '9'.
   428            05  DFHBMS-ASK-DAR-FSET               PIC X VALUE ''''.
   429	     *						      VALUE APOST
   430            05  DFHBMS-PRO-BRY-FSET               PIC X VALUE 'Z'.
   431            05  DFHBMS-PRO-DAR-FSET               PIC X VALUE '_'.
   432            05  DFHBMS-NUM-BRY                    PIC X VALUE 'Q'.
   433            05  DFHBMS-NUM-DAR                    PIC X VALUE '*'.
   434            05  DFHBMS-NUM-DAR-FSET               PIC X VALUE ')'.
   435	     *
   436	     *	  Field Flag values
   437		  05  DFHBMEOF-VAL VALUE 128		PIC S9(4) COMP-4.
   438		  05  FILLER REDEFINES DFHBMEOF-VAL.
   439		      10  FILLER			PIC X.
   440		      10  DFHBMEOF			PIC X.
   441       *                                          x'80'.
   442		  05  DFHBMCUR-VAL VALUE 002		PIC S9(4) COMP-4.
   443		  05  FILLER REDEFINES DFHBMCUR-VAL.
   444		      10  FILLER			PIC X.
   445		      10  DFHBMCUR			PIC X.
   446       *                                          x'02'.
   447		  05  DFHBMMEC-VAL VALUE 130		PIC S9(4) COMP-4.
   448		  05  FILLER REDEFINES DFHBMMEC-VAL.
   449		      10  FILLER			PIC X.
   450		      10  DFHBMMEC			PIC X.
   451       *                                          x'82'.
   452       *                                          x'02'.
   453		  05  DFHBMFLG-VAL  VALUE 0		PIC S9(4) COMP-4.
   454		      88  DFHERASE			VALUES 128 130.
   455       *                                          x'80' X'82'
   456		      88  DFHCURSR			VALUES 002 130.
   457       *                                          x'02' X'82'
   458		  05  FILLER REDEFINES DFHBMFLG-VAL.
   459		      10  FILLER			PIC X.
   460		      10  DFHBMFLG			PIC X.
   461
   462		  05  DFHBMDUP-VAL VALUE 028		PIC S9(4) COMP-4.
   463		  05  FILLER REDEFINES DFHBMDUP-VAL.
   464		      10  FILLER			PIC X.
   465		      10  DFHBMDUP			PIC X.
   466       *                                              x'1C'
   467	     *
   468	     ******************************************************************
   469	     *	  supported 327X Extended Attributes
   470	     *
   471	     *	  Extended COLOR Attributes
   472	     *
   473            05  DFHDFCOL                          PIC X VALUE '0'.
   474            05  DFHBLUE                           PIC X VALUE '1'.
   475            05  DFHRED                            PIC X VALUE '2'.
   476            05  DFHPINK                           PIC X VALUE '3'.
   477            05  DFHGREEN                          PIC X VALUE '4'.
   478            05  DFHTURQ                           PIC X VALUE '5'.
   479            05  DFHYELLO                          PIC X VALUE '6'.
   480            05  DFHNEUTR                          PIC X VALUE '7'.
   481	     *
   482	     *	  Extended HILIGHT Attributes
   483	     *
   484            05  DFHDFHI                           PIC X VALUE '0'.
   485            05  DFHBLINK                          PIC X VALUE '1'.
   486            05  DFHREVRS                          PIC X VALUE '2'.   487            05  DFHUNDLN                          PIC X VALUE '4'.
   488	     *
   489	     ******************************************************************
   490	     *	  supported 327X Data Stream Orders
   491	     *
   492		  05  DFHSBA-VAL VALUE 017		 PIC S9(4) COMP-4.
   493		  05  FILLER REDEFINES DFHSBA-VAL.
   494		      10  FILLER			PIC X.
   495		      10  DFHSBA			PIC X.
   496       *                                              x'11'
   497		  05  DFHEUA-VAL VALUE 018		PIC S9(4) COMP-4.
   498		  05  FILLER REDEFINES DFHEUA-VAL.
   499		      10  FILLER			PIC X.
   500		      10  DFHEUA			PIC X.
   501       *                                              x'12'
   502		  05  DFHIC-VAL VALUE 019		PIC S9(4) COMP-4.
   503		  05  FILLER REDEFINES DFHIC-VAL.
   504		      10  FILLER			PIC X.
   505		      10  DFHIC 			PIC X.
   506       *                                              X'13'.
   507		  05  DFHSF-VAL VALUE 029		PIC S9(4) COMP-4.
   508		  05  FILLER REDEFINES DFHSF-VAL.
   509		      10  FILLER			PIC X.
   510		      10  DFHSF 			PIC X.
   511       *                                              X'1D'.
   512		  05  DFHPT-VAL VALUE 005		PIC S9(4) COMP-4.
   513		      88 DFHPT-VAL-EBCDIC		VALUE 5.
   514		      88 DFHPT-VAL-ASCII		VALUE 9.
   515		  05  FILLER REDEFINES DFHPT-VAL.
   516		      10  FILLER			PIC X.
   517		      10  DFHPT 			PIC X.
   518       *                                              EBCDIC X'05'.
   519       *                                              ASCII  X'09'.
   520		  05  DFHRA-VAL VALUE 060		PIC S9(4) COMP-4.
   521		      88 DFHRA-VAL-EBCDIC		VALUE 60.
   522		      88 DFHRA-VAL-ASCII		VALUE 20.
   523		  05  FILLER REDEFINES DFHRA-VAL.
   524		      10  FILLER			PIC X.
   525		      10  DFHRA 			PIC X.
   526       *                                              EBCDIC x'3C'
   527       *                                              ASCII  x'14'
   528		  05  DFHSFE-VAL VALUE 041		PIC S9(4) COMP-4.
   529		      88 DFHSFE-VAL-EBCDIC		VALUE 41.
   530		      88 DFHSFE-VAL-ASCII		VALUE 31.
   531		  05  FILLER REDEFINES DFHSFE-VAL.
   532		      10  FILLER			PIC X.
   533		      10  DFHSFE			PIC X.
   534       *                                              EBCDIC x'29'
   535       *                                              ASCII  x'1F'
   536		  05  DFHMF-VAL VALUE 044		PIC S9(4) COMP-4.
   537		      88 DFHMF-VAL-EBCDIC		VALUE 44.
   538		      88 DFHMF-VAL-ASCII		VALUE 23.
   539		  05  FILLER REDEFINES DFHMF-VAL.
   540		      10  FILLER			PIC X.
   541		      10  DFHMF 			PIC X.
   542       *                                              EBCDIC x'2C'
   543       *                                              ASCII  x'17'
   544	     *
   545	     ******************************************************************
   546	     *	  unsupported 327X Data Stream order codes   547	     *
   548		  05  DFHSA-VAL VALUE 040		PIC S9(4) COMP-4.
   549		      88 DFHSA-VAL-EBCDIC		VALUE 40.
   550		      88 DFHSA-VAL-ASCII		VALUE 21.
   551		  05  FILLER REDEFINES DFHSA-VAL.
   552		      10  FILLER			PIC X.
   553		      10  DFHSA 			PIC X.
   554       *                                              EBCDIC x'28'
   555       *                                              ASCII  x'15'
   556		  05  DFHGE-VAL VALUE 008		PIC S9(4) COMP-4.
   557		  05  FILLER REDEFINES DFHGE-VAL.
   558		      10  FILLER			PIC X.
   559		      10  DFHGE 			PIC X.
   560       *                                              X'08'.
   561	     *
   562	     ******************************************************************
   563	     *	  SFE and MF supported attribute types
   564	     *
   565            05  DFHCOLOR                          PIC X VALUE 'ƒ'.
   566       *                                              EBCDIC x'42'
   567       *                                              ASCII  x'83'
   568            05  DFHHLT                            PIC X VALUE 'Ö'.
   569       *                                              EBCDIC x'41'
   570       *                                              ASCII  x'D6'
   571            05  DFH3270                           PIC X VALUE '{'.
   572	     *
   573	     *	  supported for SEND TEXT command and printer terminal
   574	     *
   575		  05  DFHBMPNL-VAL VALUE 021		PIC S9(4) COMP-4.
   576		      88 DFHBMPNL-VAL-EBCDIC		VALUE 21.
   577		      88 DFHBMPNL-VAL-ASCII		VALUE 10.
   578		  05  FILLER REDEFINES DFHBMPNL-VAL.
   579		      10  FILLER			PIC X.
   580		      10  DFHBMPNL			PIC X.
   581       *                                              EBCDIC X'15'.
   582       *                                              ASCII  X'0A'.
   583	     *
   584	     ******************************************************************
   585	     *	  Printer terminal data stream only
   586	     *
   587		  05  DFHBMPFF-VAL VALUE 012		PIC S9(4) COMP-4.
   588		  05  FILLER REDEFINES DFHBMPFF-VAL.
   589		      10  FILLER			PIC X.
   590		      10  DFHBMPFF			PIC X.
   591       *                                              X'0C'.
   592		  05  DFHBMPCR-VAL VALUE 013		PIC S9(4) COMP-4.
   593		  05  FILLER REDEFINES DFHBMPCR-VAL.
   594		      10  FILLER			PIC X.
   595		      10  DFHBMPCR			PIC X.
   596       *                                              X'0D'.
   597		  05  DFHBMPEM-VAL VALUE 025		PIC S9(4) COMP-4.
   598		  05  FILLER REDEFINES DFHBMPEM-VAL.
   599		      10  FILLER			PIC X.
   600		      10  DFHBMPEM			PIC X.
   601       *                                              X'19'.
   602	     *
   603	     ******************************************************************
   604	     *	  unsupported Miscellaneous attributes and constants
   605	     *
   606		  05  DFHALL				PIC X VALUE LOW-VALUES.   607            05  DFHBASE                           PIC X VALUE '0'.
   608		  05  DFHBMDET				PIC X VALUE LOW-VALUES.
   609		  05  DFHBMPSOSI-VAL VALUE 3599 	PIC S9(4) COMP-4.
   610		  05  FILLER REDEFINES DFHBMPSOSI-VAL.
   611		      10  DFHBMPSO			PIC X.
   612       *                                              X'0E'.
   613		      10  DFHBMPSI			PIC X.
   614       *                                              X'0F'.
   615		  05  DFHDFT VALUE HIGH-VALUES		PIC X.
   616            05  DFHERROR                          PIC X VALUE '¶'.
   617       *                                              EBCDIC X'1A'.
   618       *                                              ASCII  X'B6'.
   619            05  DFHFIL                            PIC X VALUE '4'.
   620            05  DFHMENT                           PIC X VALUE '2'.
   621            05  DFHMET                            PIC X VALUE '3'.
   622            05  DFHMFE                            PIC X VALUE '6'.
   623            05  DFHMFET                           PIC X VALUE '7'.
   624            05  DFHMFT                            PIC X VALUE '5'.
   625            05  DFHMT                             PIC X VALUE '1'.
   626            05  DFHOUTLN                          PIC X VALUE 'B'.
   627            05  DFHPS                             PIC X VALUE '„'.
   628       *                                              EBCDIC x'43'
   629       *                                              ASCII  x'84'
   630            05  DFHVAL                            PIC X VALUE 'A'.
   631	     *
   632		  05  DFHSUB-VAL   VALUE 063		PIC S9(4) COMP-4.
   633		      88 DFHSUB-VAL-EBCDIC		VALUE 63.
   634		      88 DFHSUB-VAL-ASCII		VALUE 26.
   635		  05  FILLER REDEFINES DFHSUB-VAL.
   636		      10  FILLER			PIC X.
   637		      10  DFHSUB			PIC X.
   638       *                                              EBCDIC X'3F'.
   639       *                                              ASCII  X'1A'.
   640	     *
   641		  05  DFHFM-VAL    VALUE 030		PIC S9(4) COMP-4.
   642		  05  FILLER REDEFINES DFHFM-VAL.
   643		      10  FILLER			PIC X.
   644		      10  DFHFM 			PIC X.
   645       *                                              EBCDIC X'1E'.
   646		  05  DFHEO VALUE HIGH-VALUE		PIC X.
   648		  COPY DFHAID.
   650	      01  DFHAID.
   651	     *
   652	     * CA-Realia CICS 6.0 Computer Associates International, Inc.
   653	     *
   654	     * Revision Information
   655	     * ^{File:dfhaid.cob  }
   656	     * ^{Timestamp:Thu May 15 14:02:52 1997}
   657	     * ^{Revision:2.0}
   658	     *
   659	     *This is the AID constants copy file
   660	     *
   661            05  DFHENTER                  PIC X VALUE ''''.
   662	     *					value APOST
   663            05  DFHCLEAR                  PIC X VALUE '_'.
   664            05  DFHPA1                    PIC X VALUE '%'.
   665            05  DFHPA2                    PIC X VALUE '>'.
   666            05  DFHPA3                    PIC X VALUE ','.
   667            05  DFHPF1                    PIC X VALUE '1'.
   668            05  DFHPF2                    PIC X VALUE '2'.   669            05  DFHPF3                    PIC X VALUE '3'.
   670            05  DFHPF4                    PIC X VALUE '4'.
   671            05  DFHPF5                    PIC X VALUE '5'.
   672            05  DFHPF6                    PIC X VALUE '6'.
   673            05  DFHPF7                    PIC X VALUE '7'.
   674            05  DFHPF8                    PIC X VALUE '8'.
   675            05  DFHPF9                    PIC X VALUE '9'.
   676            05  DFHPF10                   PIC X VALUE ':'.
   677            05  DFHPF11                   PIC X VALUE '#'.
   678            05  DFHPF12                   PIC X VALUE '@'.
   679            05  DFHPF13                   PIC X VALUE 'A'.
   680            05  DFHPF14                   PIC X VALUE 'B'.
   681            05  DFHPF15                   PIC X VALUE 'C'.
   682            05  DFHPF16                   PIC X VALUE 'D'.
   683            05  DFHPF17                   PIC X VALUE 'E'.
   684            05  DFHPF18                   PIC X VALUE 'F'.
   685            05  DFHPF19                   PIC X VALUE 'G'.
   686            05  DFHPF20                   PIC X VALUE 'H'.
   687            05  DFHPF21                   PIC X VALUE 'I'.
   688            05  DFHPF22                   PIC X VALUE '›'.
   689       *                                  EBCDIC Cent sign x'4A'
   690       *                                  ASCII  Cent sign x'9B'
   691            05  DFHPF23                   PIC X VALUE '.'.
   692            05  DFHPF24                   PIC X VALUE '<'.
   693            05  DFHOPID                   PIC X VALUE 'W'.
   694            05  DFHMSRE                   PIC X VALUE 'X'.
   695            05  DFHTRIG                   PIC X VALUE '"'.
   696       *                                        value QUOTE  "
   697            05  DFHPEN                    PIC X VALUE '='.
   698            05  DFHCLRP                   PIC X VALUE 'Ý'.
   699       *                                  EBCDIC x'6A'
   700       *                                  ASCII  x'DD'
   701            05  DFHSTRF                   PIC X VALUE 'h'.
   702	     *	  DFHQUIT is a CA-Realia CICS Extension
   703	     *	  It is set by using <Ctrl>+C or <Ctrl>+<Break> Keys
   704            05  DFHQUIT                   PIC X VALUE '!'.
   705		  05  DFHNULL			PIC X VALUE LOW-VALUE.
   707
   708        01  WS-CURRENT-MAP                    PIC X(7) VALUE 'SM01S'.
   709	      01  WS-REC-LENGTH 			PIC S9(4)
   710		  COMP VALUE +228.
   711	      01  WS-QNAME				PIC X(08).
   712	      01  WS-KEYB.
   713		  05 WS-KEYB6			PIC X(06) VALUE LOW-VALUES.
   714		  05 FILLER REDEFINES WS-KEYB6.
   715		     10 FILLER			PIC X(03).
   716		     10 WS-KEYB3		PIC 9(03).
   717		  05 WS-KEYB1			PIC X(01) VALUE HIGH-VALUES.
   718	      01  WS-STF-REC.
   719		  05 WS-TICKET-ID			PIC 9(07).
   720		  05 WS-TIX-ID				REDEFINES WS-TICKET-ID.
   721		     10 WS-T-ID 			PIC X(06).
   722		     10 FILLER				PIC X.
   723		  05 WS-TICKET-REQ			PIC X(08).
   724		  05 WS-TICKET-STAT			PIC X(10).
   725		  05 WS-TICKET-TITLE			PIC X(25).
   726		  05 WS-TICKET-DESC			PIC X(100).
   727		  05 WS-LAST-UPD			PIC X(20).
   728		  05 WS-UPD-BY				PIC X(08).
   729		  05 WS-UPD-REMARKS			PIC X(50).   730	      01  WS-STF-REC2.
   731		  05 WS-STF-REQ2			OCCURS 11 PIC X(08).
   732	     *01  WS-REC.
   733	     *	  05 WS-USERID.
   734	     *	     10  WS-USERID7			PIC X(7).
   735	     *	     10  FILLER 			PIC X(1).
   736	     *	  05 WS-TYPE.
   737	     *	     10  WS-REQUESTOR			PIC X.
   738	     *	     10  WS-ADMIN			PIC X.
   739	     *	     10  WS-APPROVER			PIC X.
   740	     *	     10  WS-SERVICE			PIC X.
   741	     *	  05 WS-UPDATEDBY			PIC X(8).
   742	      01  WS-TIME				PIC 9(15) COMP-3.
   743	      01  WS-DATE				PIC 9(7).
   744	      01  WS-DATE-X REDEFINES WS-DATE		PIC X(7).
   745	      01  WS-LENGTH				PIC S9(4) COMP.
   746	      01  WS-FLAGS.
   747            05 WS-FLAG                            PIC X    VALUE 'N'.
   748            05 WS-PAGE-CHANGED                    PIC X VALUE 'N'.
   749		  05 WS-PAGE-INVALID			PIC X.
   750            05 WS-SEARCH-FLAG                     PIC X VALUE 'N'.
   751	      01  WS-SELECTED-VALUE			PIC X.
   752	      01  WS-COUNTERS.
   753		  05 WS-INDEX				PIC 9(02).
   754		  05 WS-I				PIC 9(02).
   755		  05 WS-SELECT-COUNT			PIC 9.
   756		  05 WS-PAGE-UPDOWN			PIC 9(02).
   757
   758	      01  WS-ERRMSGS.
   759		  05 WS-INVALID-ACCESS			PIC X(15) VALUE
   760               'INVALID ACCESS'.
   761		  05 WS-INVALID-PGMID			PIC X(20) VALUE
   762               'INVALID USER ACCESS'.
   763		  05 WS-MAPFAIL 			PIC X(20) VALUE
   764               'MAPFAIL ERROR'.
   765		  05 WS-INVALID-TIX-ACC 		PIC X(34) VALUE
   766               'INVALID ACCESS TO SELECTED TICKET'.
   767		  05 WS-FIELD-REQ			PIC X(24) VALUE
   768               'OPTION FIELD IS REQUIRED'.
   769		  05 WS-FIRST-PAGE			PIC X(23) VALUE
   770               'THIS IS THE FIRST PAGE'.
   771		  05 WS-LAST-PAGE			PIC X(21) VALUE
   772               'THIS IS THE LAST PAGE'.
   773		  05 WS-INVALID-VALUE			PIC X(46) VALUE
   774               'INVALID VALUE. PLEASE CORRECT HIGHLIGHT FIELDS'.
   775		  05 WS-INVALID-PFKEY			PIC X(21) VALUE
   776                'INAVLID PFKEY PRESSED'.
   777		  05 WS-MULTIPLE-SELECT 		PIC X(31) VALUE
   778                'NO MULTIPLE SELECTED IS ALLOWED'.
   779		  05 WS-SELECT-OPTION			PIC X(29) VALUE
   780               'SELECT TICKET AND PRESS ENTER'.
   781
   782	      77 WS-RETNCODE				PIC S9(8) COMP.
   783	      77 WS-RETNCODE2				PIC S9(8) COMP.
   784	      01  WS-LASTPAGE				PIC X(1).
   785	      01  WS-FIRSTPAGE				PIC X(1).
   786	      01  WS-PAGE-CTR				PIC 9(02).
   787	      01  WS-SEARCH-FIELDS.
   788		  05 WS-SEARCH-STATUS			PIC X(10).
   789		  05 WS-SEARCH-TITLE			PIC X(20).   790		  05 WS-SEARCH-TO-DATE.
   791		     10 MM-TO-DATE			 PIC X(2).
   792		     10 SLASH1-TO-DATE			 PIC X.
   793		     10 DD-TO-DATE			 PIC X(2).
   794		     10 SLASH2-TO-DATE			 PIC X.
   795		     10 YYYY-TO-DATE			 PIC X(4).
   796
   797	      01  WS-COMMAREA.
   798		  05 WS-PGMID				PIC X(06).
   799		  05 WS-STATE				PIC X.
   800		  05 WS-TICKET-PASSED			PIC X(07).
   801		  05 USERID.
   802		     10  USERID7			PIC X(7).
   803		     10  FILLER 			PIC X(1).
   804		  05 USR-TYPE.
   805		    15 USR-REQUESTOR			PIC X.
   806		    15 USR-ADMIN			PIC X.
   807		    15 USR-APPROVER			PIC X.
   808		    15 USR-SERVICE			PIC X.
   809		  05 WS-SM012-STATE			PIC X.
   810		  05 WS-SM012-PGMID			PIC X(06).
   811		  05 WS-STF01-REC.
   812		     10 WS-STF01-ID			PIC X(07).
   813		     10 FILL1				PIC X(03).
   814		     10 WS-STF01-TITLE			PIC X(25).
   815		     10 FILL2				PIC X(01).
   816		     10 WS-STF01-STATUS 		PIC X(10).
   817		     10 FILL3				PIC X(04).
   818		     10 WS-STF01-LAST-UPD		PIC X(10).
   819		     10 FILL4				PIC X(02).
   820		     10 WS-STF01-LAST-UPDBY		PIC X(8).
   821		     10 WS-STF01-REQ			PIC X(8).
   822		  05 WS-PGMNAME 			PIC  X(6).
   823		  05 WS-DFHSTATE			PIC X(15).
   824		  05 WS-TRANS				PIC X(04).
   825		  05 WS-LUSER				PIC 9(03).
   826		  05 WS-FUSER				PIC X(07).
   827		  05 WS-PAGE				PIC 9(02).
   828		  05 WS-PAGE-END			PIC 9(01).
   829		  05 WS-QITEM				PIC S9(4) COMP.
   830		  05 WS-QITEM-START			PIC S9(4) COMP.
   831		  05 WS-QITEM-END			PIC S9(4) COMP.
   832		  05 WS-QITEM-PAGE			PIC S9(4) COMP.
   833		  05 WS-PAGES.
   834		     10 WS-PREV-PAGE			   PIC X(02).
   835		     10 PREV-PAGE REDEFINES WS-PREV-PAGE   PIC 9(02).
   836		     10 WS-CURR-PAGE			   PIC X(02).
   837		     10 CURR-PAGE REDEFINES WS-CURR-PAGE   PIC 9(02).
   838		     10 WS-TOTAL-QITEM			   PIC 9(02).
   839		     10 WS-MAX-PAGE			   PIC 9(02).
   840	     *----------------------------------------------------------------*
   841	     *				LINKAGE SECTION 		      *
   842	     *----------------------------------------------------------------*
   843	      LINKAGE SECTION.
   845	      01  DFHEIBLK.						       R
   846		  05 EIBTIME  PIC S9(7) COMP-3. 			       R
   847		  05 EIBDATE  PIC S9(7) COMP-3. 			       R
   848		  05 EIBTRNID PIC X(4). 				       R
   849		  05 EIBTASKN PIC S9(7) COMP-3. 			       R
   850		  05 EIBTRMID PIC X(4). 				       R   851		  05 DFHEIGDI PIC S9(4) COMP-4. 			       R
   852		  05 EIBCPOSN PIC S9(4) COMP-4. 			       R
   853		  05 EIBCALEN PIC S9(4) COMP-4. 			       R
   854		  05 EIBAID   PIC X.					       R
   855		  05 EIBFN    PIC X(2). 				       R
   856		  05 EIBRCODE PIC X(6). 				       R
   857		  05 EIBDS    PIC X(8). 				       R
   858		  05 EIBREQID PIC X(8). 				       R
   859		  05 EIBRSRCE PIC X(8). 				       R
   860		  05 EIBSYNC  PIC X.					       R
   861		  05 EIBFREE  PIC X.					       R
   862		  05 EIBRECV  PIC X.					       R
   863		  05 EIBSEND  PIC X.					       R
   864		  05 EIBATT   PIC X.					       R
   865		  05 EIBEOC   PIC X.					       R
   866		  05 EIBFMH   PIC X.					       R
   867		  05 EIBCOMPL PIC X.					       R
   868		  05 EIBSIG   PIC X.					       R
   869		  05 EIBCONF  PIC X.					       R
   870		  05 EIBERR   PIC X.					       R
   871		  05 EIBERRCD PIC X(4). 				       R
   872		  05 EIBSYNRB PIC X.					       R
   873		  05 EIBNODAT PIC X.					       R
   874		  05 EIBRESP  PIC S9(8) COMP-4. 			       R
   875		  05 EIBRESP2 PIC S9(8) COMP-4. 			       R
   876		  05 EIBRLDBK PIC X.					       R
   877		  05 EIBCARESERVED PIC X(32).				       R
   879	      01  DFHCOMMAREA.
   880		  05 DF-PGMID				PIC X(06).
   881		  05 DF-STATE				PIC X.
   882		  05 DF-TICKET-PASSED			PIC X(07).
   883		  05 DF-USERID.
   884		     10  DF-USERID7			PIC X(7).
   885		     10  FILLER 			PIC X(1).
   886		  05 DF-USR-TYPE.
   887		    15 DF-USR-REQUESTOR 		PIC X.
   888		    15 DF-USR-ADMIN			PIC X.
   889		    15 DF-USR-APPROVER			PIC X.
   890		    15 DF-USR-SERVICE			PIC X.
   891		  05 DF-SM012-STATE			PIC X.
   892		  05 DF-SM012-PGMID			PIC X(06).
   893		  05 DF-STF01-REC.
   894		     10 DF-STF01-ID			PIC X(07).
   895		     10 DF-FILLER			PIC X(03).
   896		     10 DF-STF01-TITLE			PIC X(25).
   897		     10 DF-FILLER			PIC X(01).
   898		     10 DF-STF01-STATUS 		PIC X(10).
   899		     10 DF-FILLER			PIC X(04).
   900		     10 DF-STF01-LAST-UPD		PIC X(10).
   901		     10 DF-FILLER4			PIC X(02).
   902		     10 DF-STF01-LAST-UPDBY		PIC X(8).
   903		     10 DF-STF01-REQ			PIC X(8).
   904		  05 DF-PGMNAME 			PIC X(6).
   905		  05 DFHSTATE				PIC X(15).
   906		  05 DF-TRANS				PIC X(04).
   907		  05 DF-LUSER				PIC 9(03).
   908		  05 DF-FUSER				PIC X(07).
   909		  05 DF-PAGE				PIC 9(02).
   910		  05 DF-PAGE-END			PIC 9(01).
   911		  05 DF-QITEM				PIC S9(4) COMP.   912		  05 DF-QITEM-START			PIC S9(4) COMP.
   913		  05 DF-QITEM-END			PIC S9(4) COMP.
   914		  05 DF-QITEM-PAGE			PIC S9(4) COMP.
   915		  05 DF-PAGES.
   916		     10 DF-PREV-PAGE			   PIC X(02).
   917		     10 PREV REDEFINES DF-PREV-PAGE	   PIC 9(02).
   918		     10 DF-CURR-PAGE			   PIC X(02).
   919		     10 CURR REDEFINES DF-CURR-PAGE	   PIC 9(02).
   920		     10 DF-TOTAL-QITEM			   PIC 9(02).
   921		     10 DF-MAX-PAGE			   PIC 9(02).
   922
   923	      PROCEDURE DIVISION					       R
   925		  USING DFHEIBLK DFHCOMMAREA.				       R
   950	      100-MAIN.
   951		  MOVE DFHCOMMAREA TO WS-COMMAREA
   952		  STRING EIBTRMID DELIMITED BY SIZE
   953                      'SM01' DELIMITED BY SIZE
   954			 INTO WS-QNAME
   956		  EXEC CICS
   957		    IGNORE CONDITION ERROR
   958		  END-EXEC
   973
   974            IF WS-PGMID = 'SM000' OR WS-PGMID = 'SM001' OR
   975               WS-PGMID = 'SM002' OR WS-PGMID = 'SM003' OR
   976               WS-PGMID = 'SM004' OR WS-PGMID = 'SM005' OR
   977               WS-PGMID = 'SM006'
   978		      IF WS-STATE NOT = LOW-VALUES
   979			 PERFORM 200-REC-MAP
   980			 PERFORM 500-CHECK-EIBAID
   981			 EVALUATE WS-STATE
   982			   WHEN 1
   983				PERFORM 600-MOVE-Q-TO-SCREEN
   984				PERFORM 111-CREATE-MAP
   985			   WHEN 2
   986				PERFORM 111-CREATE-MAP
   987			 END-EVALUATE
   988		      ELSE
   989			  MOVE WS-SELECT-OPTION TO ERRMSG1O
   990			  MOVE 1 TO WS-STATE
   991			  MOVE 1 TO WS-PAGE
   992			  MOVE WS-PAGE TO PAGEO
   993			  MOVE -1 TO TITLEL
   994			  PERFORM 900-MOVE-FILES-TO-Q
   995			  PERFORM 600-MOVE-Q-TO-SCREEN
   996			  PERFORM 111-CREATE-MAP
   997		      END-IF
   998		  ELSE
   999		      MOVE SPACES TO ERRMSG1O
  1000		      MOVE LENGTH OF WS-INVALID-ACCESS TO WS-LENGTH
  1002		      EXEC CICS SEND TEXT
  1003			      FROM (WS-INVALID-ACCESS)
  1004			      LENGTH (WS-LENGTH)
  1005			      ERASE
  1006			 END-EXEC
  1037		      EXEC CICS RETURN
  1038		      END-EXEC
  1051		  END-IF.
  1052
  1053	      100-EXIT.
  1054		  EXIT.  1055
  1056	      110-DATE-TIME.
  1057		  MOVE EIBDATE TO WS-DATE.
  1058		  MOVE WS-DATE-X TO DATE1O.
  1060		  EXEC CICS ASKTIME
  1061		       ABSTIME	  (WS-TIME)
  1062		  END-EXEC
  1081		  EXEC CICS FORMATTIME
  1082		       ABSTIME	  (WS-TIME)
  1083                 DATESEP    ('/')
  1084		       MMDDYYYY   (DATE1O)
  1085		       TIME	  (TIME1O)
  1086                 TIMESEP    (':')
  1087		  END-EXEC
  1127		  MOVE DFHBMASB TO TIME1A
  1128		  MOVE DFHBMASB TO DATE1A.
  1129	      110-EXIT.
  1130		  EXIT.
  1131
  1132	      111-CREATE-MAP.
  1133		  PERFORM 110-DATE-TIME
  1134		  MOVE DFHUNIMD TO TITLEA
  1135		  MOVE DFHUNIMD TO STATUSA
  1136
  1137		  MOVE LENGTH OF SM001MO TO WS-LENGTH
  1139		  EXEC CICS SEND
  1140                 MAP('SM001M')
  1141                 MAPSET('SM01S')
  1142		       FROM(SM001MO)
  1143		       LENGTH(WS-LENGTH)
  1144		       CURSOR
  1145		       ERASE
  1146		  END-EXEC
  1192		  EXEC CICS RETURN
  1193                 TRANSID('SM01')
  1194		       COMMAREA(WS-COMMAREA)
  1195		  END-EXEC.
  1220	      110-EXIT.
  1221		  EXIT.
  1222
  1223	      200-REC-MAP.
  1225		  EXEC CICS RECEIVE
  1226                 MAP('SM001M')
  1227                 MAPSET('SM01S')
  1228		       INTO (SM001MI)
  1229		  END-EXEC.
  1263	     *	  IF EIBRESP = DFHRESP(MAPFAIL)
  1264	     *	     MOVE WS-INVALID-PFKEY TO ERRMSG1O
  1265	     *	     PERFORM 600-MOVE-Q-TO-SCREEN
  1266	     *	     PERFORM 111-CREATE-MAP
  1267	     *	  END-IF
  1268	      200-EXIT.
  1269		  EXIT.
  1270
  1271	      530-PAGE-UP-ENTER.
  1272		  IF WS-QITEM-PAGE > WS-QITEM-END
  1273		     SUBTRACT 11 FROM WS-QITEM-PAGE
  1274		     MOVE WS-LAST-PAGE TO ERRMSG1O
  1275		  ELSE
  1276		     MOVE WS-SELECT-OPTION TO  1277		      ERRMSG1O
  1278		     MOVE CURR-PAGE TO WS-PAGE
  1279		     MOVE WS-PAGE TO PAGEO
  1280		     PERFORM 600-MOVE-Q-TO-SCREEN
  1281		  END-IF
  1282		  PERFORM 111-CREATE-MAP.
  1283	      530-EXIT.
  1284		  EXIT.
  1285
  1286	      540-PAGEDOWN-ENTER.
  1287		  IF WS-QITEM-PAGE = WS-QITEM-START OR
  1288		     WS-QITEM-PAGE <  WS-QITEM-START
  1289		     MOVE WS-FIRST-PAGE TO ERRMSG1O
  1290		     MOVE 1 TO WS-PAGE
  1291		     MOVE WS-QITEM-START TO WS-QITEM-PAGE
  1292		  ELSE
  1293		    SUBTRACT CURR-PAGE FROM WS-PAGE
  1294		    MOVE WS-PAGE TO PAGEO
  1295		  END-IF
  1296		  MOVE WS-PAGE TO PAGEO
  1297		  PERFORM 600-MOVE-Q-TO-SCREEN
  1298		  PERFORM 111-CREATE-MAP.
  1299	      540-EXIT.
  1300		  EXIT.
  1301
  1302	      500-CHECK-EIBAID.
  1303		  EVALUATE EIBAID
  1304		  WHEN DFHCLEAR
  1305		       MOVE WS-INVALID-PFKEY TO ERRMSG1O
  1306		       MOVE -1 TO TITLEL
  1307		       PERFORM 600-MOVE-Q-TO-SCREEN
  1308		       PERFORM 111-CREATE-MAP
  1309
  1310		  WHEN DFHPF2
  1311                 IF USR-REQUESTOR  = 'Y'
  1312	     *		  MOVE LENGTH OF WS-COMMAREA TO WS-LENGTH
  1313                    MOVE 'SM001' TO WS-PGMID
  1314			  MOVE LOW-VALUES TO WS-STATE
  1316			  EXEC CICS XCTL
  1317                         PROGRAM ('SM002')
  1318			       COMMAREA (WS-COMMAREA)
  1319			       LENGTH (+26)
  1320			  END-EXEC
  1350		       ELSE
  1351			  MOVE WS-INVALID-ACCESS TO ERRMSG1O
  1352		       END-IF
  1353		  WHEN DFHPF3
  1354                 MOVE 'SM001' TO WS-PGMID
  1355		       MOVE LOW-VALUES TO WS-STATE
  1356		       MOVE LENGTH OF WS-COMMAREA TO WS-LENGTH
  1358		       EXEC CICS
  1359			   SEND CONTROL
  1360			   ERASE
  1361		       END-EXEC
  1381		       EXEC CICS DELETEQ TS
  1382			    QUEUE(WS-QNAME)
  1383		       END-EXEC
  1403		       EXEC CICS XCTL
  1404                      PROGRAM('SM000')
  1405		       END-EXEC  1424		  WHEN DFHPF5
  1425		       PERFORM 600-MOVE-Q-TO-SCREEN
  1426		  WHEN DFHPF7
  1427		       PERFORM 510-PF7-PAGE-UP
  1428
  1429		  WHEN DFHPF8
  1430		       PERFORM 520-PF8-PAGE-DOWN
  1431
  1432		  WHEN DFHPF12
  1433		       PERFORM VARYING WS-INDEX FROM 1 BY 1 UNTIL WS-INDEX > 11
  1434			  MOVE LOW-VALUES TO DETL-SELECTI(WS-INDEX)
  1435		       END-PERFORM
  1436		       PERFORM 600-MOVE-Q-TO-SCREEN
  1437		       PERFORM 111-CREATE-MAP
  1438		  WHEN DFHENTER
  1439		       MOVE 1 TO WS-STATE
  1440		       PERFORM 550-PAGE-CHANGED
  1441
  1442		  WHEN OTHER
  1443                 MOVE 'INAVLID PFKEY PRESSED' TO ERRMSG1O
  1444		       PERFORM 600-MOVE-Q-TO-SCREEN
  1445		       PERFORM 111-CREATE-MAP
  1446		  END-EVALUATE
  1447             MOVE 'N' TO WS-PAGE-CHANGED.
  1448	      500-EXIT.
  1449		  EXIT.
  1450
  1451	      510-PF7-PAGE-UP.
  1452		  SUBTRACT 11 FROM WS-QITEM-PAGE
  1453		  IF WS-QITEM-PAGE = WS-QITEM-START OR
  1454		     WS-QITEM-PAGE <  WS-QITEM-START
  1455		     MOVE WS-FIRST-PAGE TO ERRMSG1O
  1456		     MOVE 1 TO WS-PAGE
  1457		     MOVE WS-QITEM-START TO WS-QITEM-PAGE
  1458		  ELSE
  1459		    MOVE WS-SELECT-OPTION TO ERRMSG1O
  1460		    SUBTRACT 1 FROM WS-PAGE
  1461		    MOVE WS-PAGE TO PAGEO
  1462		  END-IF
  1463		  MOVE WS-PAGE TO PAGEO
  1464		  PERFORM 600-MOVE-Q-TO-SCREEN
  1465		  PERFORM 111-CREATE-MAP.
  1466	      510-EXIT.
  1467		  EXIT.
  1468
  1469
  1470	      520-PF8-PAGE-DOWN.
  1471		  ADD 11 TO WS-QITEM-PAGE
  1472		  IF WS-QITEM-PAGE > WS-QITEM-END
  1473		     SUBTRACT 11 FROM WS-QITEM-PAGE
  1474		      PERFORM 600-MOVE-Q-TO-SCREEN
  1475		  ELSE
  1476		     MOVE WS-SELECT-OPTION TO ERRMSG1O
  1477		     ADD 1 TO WS-PAGE
  1478		     MOVE WS-PAGE TO PAGEO
  1479		     PERFORM 600-MOVE-Q-TO-SCREEN
  1480		  END-IF.
  1481		  PERFORM 111-CREATE-MAP.
  1482	      520-EXIT.
  1483		  EXIT.  1484
  1485	      550-PAGE-CHANGED.
  1486		  MOVE PAGEI TO WS-CURR-PAGE
  1487		  IF CURR-PAGE IS NUMERIC
  1488		     PERFORM VARYING WS-INDEX FROM 1 BY 1 UNTIL
  1489			     WS-INDEX > WS-MAX-PAGE
  1490                 MOVE 'Y' TO WS-PAGE-INVALID
  1491		       IF CURR-PAGE = WS-INDEX
  1492                    MOVE 'N' TO WS-PAGE-INVALID
  1493			  SUBTRACT PREV-PAGE FROM CURR-PAGE GIVING
  1494				   WS-PAGE-UPDOWN
  1495			  EVALUATE TRUE
  1496			   WHEN CURR-PAGE > PREV-PAGE
  1497			     IF WS-PAGE-UPDOWN = 1
  1498				ADD 11 TO WS-QITEM-PAGE
  1499				PERFORM 530-PAGE-UP-ENTER
  1500                           MOVE 'Y' TO WS-PAGE-CHANGED
  1501			     ELSE
  1502				MOVE 1 TO WS-I
  1503				PERFORM UNTIL WS-I = CURR-PAGE
  1504					ADD 11 TO WS-QITEM-PAGE
  1505					ADD 1 TO WS-I
  1506				END-PERFORM
  1507				PERFORM 530-PAGE-UP-ENTER
  1508                           MOVE 'Y' TO WS-PAGE-CHANGED
  1509			     END-IF
  1510			   WHEN CURR-PAGE < PREV-PAGE
  1511			     IF WS-PAGE-UPDOWN = 1
  1512				SUBTRACT 11 FROM WS-QITEM-PAGE
  1513			       PERFORM 540-PAGEDOWN-ENTER
  1514                          MOVE 'Y' TO WS-PAGE-CHANGED
  1515			     ELSE
  1516				MOVE PREV-PAGE TO WS-I
  1517				PERFORM UNTIL WS-I = CURR-PAGE
  1518					SUBTRACT 11 FROM WS-QITEM-PAGE
  1519					SUBTRACT 1 FROM WS-I
  1520				END-PERFORM
  1521				PERFORM 540-PAGEDOWN-ENTER
  1522                           MOVE 'Y' TO WS-PAGE-CHANGED
  1523			     END-IF
  1524			   WHEN OTHER
  1525				PERFORM 560-CHECK-OPTION-FIELDS
  1526
  1527			  END-EVALUATE
  1528		       END-IF
  1529		     END-PERFORM
  1530               IF WS-PAGE-INVALID = 'Y'
  1531			EVALUATE TRUE
  1532			  WHEN CURR-PAGE > WS-MAX-PAGE
  1533			       MOVE 1 TO WS-I
  1534			       PERFORM UNTIL WS-I = WS-MAX-PAGE
  1535				       ADD 11 TO WS-QITEM-PAGE
  1536				       ADD 1 TO WS-I
  1537			       END-PERFORM
  1538			       MOVE -1 TO PAGEL
  1539			       MOVE WS-MAX-PAGE TO PAGEO
  1540			       MOVE WS-MAX-PAGE TO WS-PAGE
  1541			      IF WS-QITEM-PAGE > WS-QITEM-END
  1542				 SUBTRACT 11 FROM WS-QITEM-PAGE
  1543				 MOVE WS-LAST-PAGE TO ERRMSG1O  1544			      ELSE
  1545				 MOVE WS-SELECT-OPTION TO
  1546				  ERRMSG1O
  1547				 PERFORM 600-MOVE-Q-TO-SCREEN
  1548			      END-IF
  1549			      PERFORM 111-CREATE-MAP
  1550			  WHEN CURR-PAGE < 1
  1551			       MOVE PREV-PAGE TO WS-I
  1552			       PERFORM UNTIL WS-I = CURR-PAGE
  1553				       SUBTRACT 11 FROM WS-QITEM-PAGE
  1554				       SUBTRACT 1 FROM WS-I
  1555			       END-PERFORM
  1556			       PERFORM 540-PAGEDOWN-ENTER
  1557			END-EVALUATE
  1558		     ELSE
  1559                   MOVE 'N' TO WS-PAGE-INVALID
  1560		     END-IF
  1561		  ELSE
  1562		      PERFORM 600-MOVE-Q-TO-SCREEN
  1563		      PERFORM 111-CREATE-MAP
  1564		  END-IF.
  1565	      550-EXIT.
  1566		  EXIT.
  1567
  1568	      560-CHECK-OPTION-FIELDS.
  1569		  PERFORM 600-MOVE-Q-TO-SCREEN
  1570		  MOVE 1 TO WS-INDEX
  1571		  MOVE 0 TO WS-SELECT-COUNT
  1572		  PERFORM UNTIL WS-INDEX > 11
  1573               IF DETL-SELECTI(WS-INDEX) NOT = '-' AND
  1574			DETL-SELECTI(WS-INDEX) NOT = SPACES AND
  1575			DETL-SELECTI(WS-INDEX) NOT = LOW-VALUES
  1576                  IF DETL-SELECTI(WS-INDEX) = 'U' OR
  1577                     DETL-SELECTI(WS-INDEX) = 'C' OR
  1578                     DETL-SELECTI(WS-INDEX) = 'A' OR
  1579                     DETL-SELECTI(WS-INDEX) = 'X'
  1580			   ADD 1 TO WS-SELECT-COUNT
  1581			   MOVE DETL-SELECTI(WS-INDEX) TO WS-SELECTED-VALUE
  1582			   MOVE DETL-DETAILI(WS-INDEX) TO WS-STF01-REC
  1583			   MOVE WS-STF-REQ2(WS-INDEX)  TO WS-STF01-REQ
  1584			ELSE
  1585			   MOVE DFHUNIMD TO DETL-SELECTA(WS-INDEX)
  1586			   MOVE -1 TO DETL-SELECTL(WS-INDEX)
  1587			   MOVE WS-INVALID-VALUE TO ERRMSG1O
  1588			   PERFORM 600-MOVE-Q-TO-SCREEN
  1589			   PERFORM 111-CREATE-MAP
  1590			END-IF
  1591		      IF WS-SELECT-COUNT = 1 OR 0
  1592			 EVALUATE WS-SELECTED-VALUE
  1593                    WHEN 'U'
  1594                        IF WS-STF01-STATUS = 'APPROVED' OR
  1595                           'ONGOING'
  1596                           IF USR-REQUESTOR = 'Y'  OR
  1597                              USR-SERVICE = 'Y'
  1598				    IF WS-STF01-REQ = USERID
  1599				       MOVE LENGTH OF WS-COMMAREA TO
  1600					 WS-LENGTH
  1602				       EXEC CICS LINK
  1603                                      PROGRAM ('SM003')
  1604					    COMMAREA (WS-COMMAREA)  1605					    LENGTH (WS-LENGTH)
  1606				       END-EXEC
  1637                                 MOVE 'SM003' TO ERRMSG1O
  1638				    ELSE
  1639				       MOVE WS-INVALID-TIX-ACC TO ERRMSG1O
  1640				    END-IF
  1641				 ELSE
  1642				     MOVE WS-INVALID-TIX-ACC TO ERRMSG1O
  1643				 END-IF
  1644			      ELSE
  1645				  MOVE WS-INVALID-TIX-ACC TO ERRMSG1O
  1646			      END-IF
  1647                    WHEN 'C'
  1648                         IF WS-STF01-STATUS = 'COMPLETED'
  1649				  IF WS-STF01-REQ = USERID
  1650                               MOVE 'SM001'   TO WS-PGMID
  1651				     MOVE 1	    TO WS-STATE
  1652				     MOVE WS-TIX-ID TO WS-TICKET-PASSED
  1653				     MOVE LENGTH OF WS-COMMAREA TO WS-LENGTH
  1655				     EXEC CICS XCTL
  1656                                    PROGRAM ('SM004')
  1657					  COMMAREA (WS-COMMAREA)
  1658					  LENGTH (WS-LENGTH)
  1659				     END-EXEC
  1689                               MOVE 'SM004' TO ERRMSG1O
  1690				  ELSE
  1691				     MOVE WS-INVALID-TIX-ACC TO ERRMSG1O
  1692				     MOVE DFHUNIMD TO
  1693					  DETL-SELECTA(WS-INDEX)
  1694				     MOVE -1 TO DETL-SELECTL(WS-INDEX)
  1695				  END-IF
  1696			       ELSE
  1697				  MOVE WS-INVALID-TIX-ACC TO ERRMSG1O
  1698				  MOVE DFHUNIMD TO DETL-SELECTA(WS-INDEX)
  1699				  MOVE -1 TO DETL-SELECTL(WS-INDEX)
  1700			       END-IF
  1701                    WHEN 'A'
  1702                         IF WS-STF01-STATUS = 'CREATED'
  1703				  IF WS-STF01-REQ = USERID
  1704                               MOVE 'SM001'   TO WS-PGMID
  1705				     MOVE 1	    TO WS-STATE
  1706				     MOVE WS-TIX-ID TO WS-TICKET-PASSED
  1707				     MOVE LENGTH OF WS-COMMAREA TO WS-LENGTH
  1709				     EXEC CICS XCTL
  1710                                    PROGRAM ('SM005')
  1711					  COMMAREA (WS-COMMAREA)
  1712					  LENGTH (WS-LENGTH)
  1713				     END-EXEC
  1743				  ELSE
  1744				     MOVE WS-INVALID-TIX-ACC TO ERRMSG1O
  1745				     MOVE DFHUNIMD TO
  1746					  DETL-SELECTA(WS-INDEX)
  1747				     MOVE -1 TO DETL-SELECTL(WS-INDEX)
  1748				  END-IF
  1749				ELSE
  1750				  MOVE WS-INVALID-TIX-ACC TO ERRMSG1O
  1751				  MOVE DFHUNIMD TO DETL-SELECTA(WS-INDEX)
  1752				  MOVE -1 TO DETL-SELECTL(WS-INDEX)
  1753				END-IF
  1754                    WHEN 'X'  1755			       IF WS-STF01-REQ = USERID
  1756                            MOVE 'SM001'   TO WS-PGMID
  1757				  MOVE 1	 TO WS-STATE
  1758				  MOVE WS-TIX-ID TO WS-TICKET-PASSED
  1759				  MOVE LENGTH OF WS-COMMAREA TO WS-LENGTH
  1761				  EXEC CICS XCTL
  1762                                 PROGRAM ('SM006')
  1763				       COMMAREA (WS-COMMAREA)
  1764				       LENGTH (WS-LENGTH)
  1765				  END-EXEC
  1795			       ELSE
  1796				  MOVE WS-INVALID-TIX-ACC TO ERRMSG1O
  1797				  MOVE DFHUNIMD TO DETL-SELECTA(WS-INDEX)
  1798				  MOVE -1	TO DETL-SELECTL(WS-INDEX)
  1799			       END-IF
  1800			  WHEN 0
  1801			       MOVE DFHUNIMD	 TO DETL-SELECTA(WS-INDEX)
  1802			       MOVE -1		 TO DETL-SELECTL(WS-INDEX)
  1803			       MOVE WS-FIELD-REQ TO ERRMSG1O
  1804			       PERFORM 600-MOVE-Q-TO-SCREEN
  1805			       PERFORM 111-CREATE-MAP
  1806			  WHEN OTHER
  1807			       MOVE DFHUNIMD TO DETL-SELECTA(WS-INDEX)
  1808			       MOVE -1	     TO DETL-SELECTL(WS-INDEX)
  1809			       MOVE WS-INVALID-VALUE TO ERRMSG1O
  1810			       PERFORM 600-MOVE-Q-TO-SCREEN
  1811			       PERFORM 111-CREATE-MAP
  1812			 END-EVALUATE
  1813		      ELSE
  1814			MOVE DFHUNIMD TO DETL-SELECTA(WS-INDEX)
  1815			MOVE -1       TO DETL-SELECTL(WS-INDEX)
  1816			MOVE WS-MULTIPLE-SELECT TO ERRMSG1O
  1817			PERFORM 600-MOVE-Q-TO-SCREEN
  1818			PERFORM 111-CREATE-MAP
  1819			IF WS-SELECT-COUNT < 1
  1820			   MOVE DFHUNIMD TO DETL-SELECTA(WS-INDEX)
  1821			   MOVE -1 TO DETL-SELECTL(WS-INDEX)
  1822			   MOVE WS-FIELD-REQ TO ERRMSG1O
  1823			   PERFORM 600-MOVE-Q-TO-SCREEN
  1824			   PERFORM 111-CREATE-MAP
  1825			END-IF
  1826		      END-IF
  1827		     END-IF
  1828		     ADD 1 TO WS-INDEX
  1829		  END-PERFORM.
  1830	      560-EXIT.
  1831		  EXIT.
  1832
  1833	      600-MOVE-Q-TO-SCREEN.
  1834		  EVALUATE TRUE
  1835		    WHEN STATUSO NOT = LOW-VALUES
  1836			 MOVE PAGEO TO WS-PREV-PAGE
  1837			 MOVE 2 TO WS-STATE
  1838			 MOVE WS-QITEM-PAGE TO WS-QITEM
  1839			 MOVE STATUSI TO WS-SEARCH-STATUS
  1840			 MOVE 1 TO WS-INDEX
  1842			    EXEC CICS READQ TS
  1843				QUEUE(WS-QNAME)
  1844				INTO (WS-STF-REC)
  1845				LENGTH(WS-REC-LENGTH)  1846				ITEM (WS-QITEM)
  1847			    END-EXEC
  1882			 PERFORM UNTIL WS-INDEX > 11
  1883			    IF WS-SEARCH-STATUS = WS-TICKET-STAT AND
  1884			       WS-QITEM <= WS-QITEM-END
  1885			       MOVE WS-TICKET-ID TO
  1886				    DETAILS-TIX-ID(WS-INDEX)
  1887			       MOVE WS-TICKET-REQ TO WS-STF-REQ2(WS-INDEX)
  1888			       MOVE WS-TICKET-STAT TO
  1889				    DETAILS-TIX-STAT(WS-INDEX)
  1890			       MOVE WS-TICKET-TITLE TO
  1891				    DETAILS-TIX-TITLE(WS-INDEX)
  1892			       MOVE WS-UPD-BY TO DETAILS-UPD-BY(WS-INDEX)
  1893			       MOVE WS-LAST-UPD TO
  1894				    DETAILS-LAST-UPD(WS-INDEX)
  1895			       ADD 1 TO WS-INDEX
  1896			       ADD 1 TO WS-QITEM
  1898				EXEC CICS READQ TS
  1899					  QUEUE(WS-QNAME)
  1900					  INTO (WS-STF-REC)
  1901					  LENGTH(WS-REC-LENGTH)
  1902					  ITEM (WS-QITEM)
  1903				END-EXEC
  1938			    ELSE
  1939			       CONTINUE
  1940			       ADD 1 TO WS-QITEM
  1942			       EXEC CICS READQ TS
  1943					  QUEUE(WS-QNAME)
  1944					  INTO (WS-STF-REC)
  1945					  LENGTH(WS-REC-LENGTH)
  1946					  ITEM (WS-QITEM)
  1947				END-EXEC
  1982				IF WS-QITEM >= WS-QITEM-END
  1983				    ADD 1 TO WS-INDEX
  1984				    MOVE SPACES TO DETL-DETAILI(WS-INDEX)
  1985				    MOVE DFHBMPRO TO DETL-DETAILA(WS-INDEX)
  1986				    MOVE WS-LAST-PAGE  TO ERRMSG1O
  1987				END-IF
  1988			    END-IF
  1989			  END-PERFORM
  1990		    WHEN OTHER
  1991			 MOVE PAGEO TO WS-PREV-PAGE
  1992			 MOVE WS-QITEM-PAGE TO WS-QITEM
  1994			 EXEC CICS READQ TS
  1995				   QUEUE(WS-QNAME)
  1996				   INTO (WS-STF-REC)
  1997				   LENGTH(WS-REC-LENGTH)
  1998				   ITEM (WS-QITEM)
  1999			  END-EXEC
  2034			 MOVE 1 TO WS-INDEX
  2035			 PERFORM UNTIL WS-INDEX > 11
  2037			     IF EIBRESP = DFHRESP(NORMAL) AND
  2039			     IF EIBRESP =	  000	  AND		       R
  2040				WS-QITEM <= WS-QITEM-END
  2041				MOVE WS-TICKET-ID TO DETAILS-TIX-ID(WS-INDEX)
  2042				MOVE WS-TICKET-REQ TO WS-STF-REQ2(WS-INDEX)
  2043				MOVE WS-TICKET-STAT TO
  2044				     DETAILS-TIX-STAT(WS-INDEX)
  2045				MOVE WS-TICKET-TITLE TO
  2046				     DETAILS-TIX-TITLE(WS-INDEX)  2047				MOVE WS-UPD-BY TO DETAILS-UPD-BY(WS-INDEX)
  2048				MOVE WS-LAST-UPD TO DETAILS-LAST-UPD(WS-INDEX)
  2049				ADD 1 TO WS-INDEX
  2050				ADD 1 TO WS-QITEM
  2052				EXEC CICS READQ TS
  2053				     QUEUE(WS-QNAME)
  2054				     INTO (WS-STF-REC)
  2055				     ITEM (WS-QITEM)
  2056			       END-EXEC
  2086			    ELSE
  2087			       MOVE SPACES TO DETL-DETAILI(WS-INDEX)
  2088			       MOVE SPACES TO DETL-SELECTI(WS-INDEX)
  2089				MOVE DFHBMASK TO DETL-DETAILA(WS-INDEX)
  2090				MOVE DFHBMASK TO DETL-SELECTA(WS-INDEX)
  2091			       MOVE WS-LAST-PAGE  TO ERRMSG1O
  2092                         MOVE '1' TO WS-LASTPAGE
  2093			       ADD 1 TO WS-INDEX
  2094			    END-IF
  2095			 END-PERFORM
  2096			 MOVE DETAILS-TIX-ID(1) TO WS-FUSER
  2097		  END-EVALUATE.
  2098
  2099	      600-EXIT.
  2100		  EXIT.
  2101
  2102	      900-MOVE-FILES-TO-Q.
  2103		  MOVE LOW-VALUES TO WS-KEYB.
  2104		  MOVE LENGTH OF WS-STF-REC TO WS-REC-LENGTH
  2106		   EXEC CICS
  2107                STARTBR FILE('STF001C')
  2108		      RIDFLD (WS-KEYB)
  2109		      GTEQ
  2110		   END-EXEC
  2137
  2139		   EXEC CICS
  2140                 READNEXT FILE('STF001C')
  2141		       INTO (WS-STF-REC)
  2142		       RIDFLD (WS-KEYB)
  2143		   END-EXEC
  2172
  2174		  EXEC CICS WRITEQ TS
  2175			    QUEUE(WS-QNAME)
  2176			    FROM (WS-STF-REC)
  2177			    LENGTH (WS-REC-LENGTH)
  2178			    ITEM (WS-QITEM)
  2179		  END-EXEC
  2214		  MOVE WS-QITEM TO WS-QITEM-START
  2215		  MOVE 1 TO WS-TOTAL-QITEM
  2217		  PERFORM UNTIL EIBRESP NOT = DFHRESP(NORMAL)
  2219		  PERFORM UNTIL EIBRESP NOT =	      000		       R
  2220		      MOVE WS-QITEM TO WS-QITEM-END
  2222		      EXEC CICS
  2223                     READNEXT FILE('STF001C')
  2224			   INTO (WS-STF-REC)
  2225			   RIDFLD (WS-KEYB)
  2226		      END-EXEC
  2256		      IF EIBRESP = DFHRESP(NORMAL)
  2258		      IF EIBRESP =	   000				       R
  2260			 EXEC CICS WRITEQ TS
  2261			      QUEUE(WS-QNAME)  2262			      FROM (WS-STF-REC)
  2263			      LENGTH (WS-REC-LENGTH)
  2264			      ITEM (WS-QITEM)
  2265			 END-EXEC
  2300			MOVE WS-T-ID TO WS-KEYB6
  2301			 MOVE HIGH-VALUES TO WS-KEYB1
  2302			 ADD 1 TO WS-TOTAL-QITEM
  2303		      END-IF
  2304		  END-PERFORM
  2305		      DIVIDE WS-TOTAL-QITEM BY 11 GIVING WS-MAX-PAGE
  2306		      ADD 1 TO WS-MAX-PAGE
  2308		  EXEC CICS
  2309                 ENDBR FILE('STF001C')
  2310		  END-EXEC
  2329		  MOVE WS-QITEM-START TO WS-QITEM-PAGE.
  2330
  2331	      900-EXIT.
  2332		  EXIT.CA-Realia COBOL Version 6.0.45	 D:\work\CAWB30-HO\SM001.cic	       PAGE   26



			Realia COBOL Compiler Version Information

			      Pass 1	 Version 6.072
			      Pass 1a	 Version 6.015
			      Pass 2	 Version 6.068
			      Pass 2a	 Version 6.020
			      Pass 3	 Version 6.094
			      Pass 4	 Version 6.007
			      Pass 5	 Version 6.022


			Compilation Directives in Effect

COMP-4		  DCHK		    OPT 	      NOCALL
NOSUBCHK	  STRCHK	    NOTRUNC	      NOSMALLCOMP
NODCALL 	  NODIVZERO	    NOEPDCALL	      APOST
EBCDIC		  STATABORT	    NOMOVELINK	      NOBLL4K
ARGCHK		  UPLOW 	    NOVERARG	      MDY
LP:   60	  PP		    FCREATE	      NOIEEE
NOLILIAN	  CURRENCY-SIGN=$   WRITEAFTER	      SOSI
NOCOPY68	  NOFLAG-COM	    NOFLAG-SEG	      NOFLAG-FIPS
DEBUGXREF	  DIALECT-VS2

			Error level limit: W

			Source lines compiled:	    2343
			Compilation time (mm:ss.ss):  0:00.05
			Compilation speed (lines/minute): 11600

			Compilation date (yy/mm/dd): 23/12/05
			     Time of day (hh:mm:ss): 21:50:34